Component: Arm Compiler for Embedded 6.22 Tool: armlink [5ee90200]

==============================================================================

Section Cross References

    gd32f4xx_it.o(.text) refers (Special) to systick_wrapper_ual.o(.text) for __ensure_systick_wrapper
    gd32f4xx_it.o(.text.NMI_Handler) refers (Special) to systick_wrapper_ual.o(.text) for __ensure_systick_wrapper
    gd32f4xx_it.o(.ARM.exidx.text.NMI_Handler) refers (Special) to systick_wrapper_ual.o(.text) for __ensure_systick_wrapper
    gd32f4xx_it.o(.ARM.exidx.text.NMI_Handler) refers to gd32f4xx_it.o(.text.NMI_Handler) for [Anonymous Symbol]
    gd32f4xx_it.o(.text.HardFault_Handler) refers (Special) to systick_wrapper_ual.o(.text) for __ensure_systick_wrapper
    gd32f4xx_it.o(.ARM.exidx.text.HardFault_Handler) refers (Special) to systick_wrapper_ual.o(.text) for __ensure_systick_wrapper
    gd32f4xx_it.o(.ARM.exidx.text.HardFault_Handler) refers to gd32f4xx_it.o(.text.HardFault_Handler) for [Anonymous Symbol]
    gd32f4xx_it.o(.text.MemManage_Handler) refers (Special) to systick_wrapper_ual.o(.text) for __ensure_systick_wrapper
    gd32f4xx_it.o(.ARM.exidx.text.MemManage_Handler) refers (Special) to systick_wrapper_ual.o(.text) for __ensure_systick_wrapper
    gd32f4xx_it.o(.ARM.exidx.text.MemManage_Handler) refers to gd32f4xx_it.o(.text.MemManage_Handler) for [Anonymous Symbol]
    gd32f4xx_it.o(.text.BusFault_Handler) refers (Special) to systick_wrapper_ual.o(.text) for __ensure_systick_wrapper
    gd32f4xx_it.o(.ARM.exidx.text.BusFault_Handler) refers (Special) to systick_wrapper_ual.o(.text) for __ensure_systick_wrapper
    gd32f4xx_it.o(.ARM.exidx.text.BusFault_Handler) refers to gd32f4xx_it.o(.text.BusFault_Handler) for [Anonymous Symbol]
    gd32f4xx_it.o(.text.UsageFault_Handler) refers (Special) to systick_wrapper_ual.o(.text) for __ensure_systick_wrapper
    gd32f4xx_it.o(.ARM.exidx.text.UsageFault_Handler) refers (Special) to systick_wrapper_ual.o(.text) for __ensure_systick_wrapper
    gd32f4xx_it.o(.ARM.exidx.text.UsageFault_Handler) refers to gd32f4xx_it.o(.text.UsageFault_Handler) for [Anonymous Symbol]
    gd32f4xx_it.o(.text.SVC_Handler) refers (Special) to systick_wrapper_ual.o(.text) for __ensure_systick_wrapper
    gd32f4xx_it.o(.ARM.exidx.text.SVC_Handler) refers (Special) to systick_wrapper_ual.o(.text) for __ensure_systick_wrapper
    gd32f4xx_it.o(.ARM.exidx.text.SVC_Handler) refers to gd32f4xx_it.o(.text.SVC_Handler) for [Anonymous Symbol]
    gd32f4xx_it.o(.text.DebugMon_Handler) refers (Special) to systick_wrapper_ual.o(.text) for __ensure_systick_wrapper
    gd32f4xx_it.o(.ARM.exidx.text.DebugMon_Handler) refers (Special) to systick_wrapper_ual.o(.text) for __ensure_systick_wrapper
    gd32f4xx_it.o(.ARM.exidx.text.DebugMon_Handler) refers to gd32f4xx_it.o(.text.DebugMon_Handler) for [Anonymous Symbol]
    gd32f4xx_it.o(.text.PendSV_Handler) refers (Special) to systick_wrapper_ual.o(.text) for __ensure_systick_wrapper
    gd32f4xx_it.o(.ARM.exidx.text.PendSV_Handler) refers (Special) to systick_wrapper_ual.o(.text) for __ensure_systick_wrapper
    gd32f4xx_it.o(.ARM.exidx.text.PendSV_Handler) refers to gd32f4xx_it.o(.text.PendSV_Handler) for [Anonymous Symbol]
    gd32f4xx_it.o(.text.USART1_IRQHandler) refers (Special) to systick_wrapper_ual.o(.text) for __ensure_systick_wrapper
    gd32f4xx_it.o(.text.USART1_IRQHandler) refers to gd32f4xx_usart.o(.text.usart_interrupt_flag_get) for usart_interrupt_flag_get
    gd32f4xx_it.o(.text.USART1_IRQHandler) refers to gd32f4xx_usart.o(.text.usart_data_receive) for usart_data_receive
    gd32f4xx_it.o(.text.USART1_IRQHandler) refers to gd32f4xx_dma.o(.text.dma_transfer_number_get) for dma_transfer_number_get
    gd32f4xx_it.o(.text.USART1_IRQHandler) refers to usart_app.o(.bss.rs485_rx_flag) for rs485_rx_flag
    gd32f4xx_it.o(.text.USART1_IRQHandler) refers to usart_app.o(.bss.rs485_uart_dma_buffer) for rs485_uart_dma_buffer
    gd32f4xx_it.o(.text.USART1_IRQHandler) refers to uart_driver.o(.bss.usart1_rxbuffer) for usart1_rxbuffer
    gd32f4xx_it.o(.text.USART1_IRQHandler) refers to memmovea.o(.text) for __aeabi_memcpy
    gd32f4xx_it.o(.text.USART1_IRQHandler) refers to usart_app.o(.bss.rs485_uart_dma_len) for rs485_uart_dma_len
    gd32f4xx_it.o(.text.USART1_IRQHandler) refers to memseta.o(.text) for __aeabi_memclr
    gd32f4xx_it.o(.text.USART1_IRQHandler) refers to gd32f4xx_dma.o(.text.dma_channel_disable) for dma_channel_disable
    gd32f4xx_it.o(.text.USART1_IRQHandler) refers to gd32f4xx_dma.o(.text.dma_flag_clear) for dma_flag_clear
    gd32f4xx_it.o(.text.USART1_IRQHandler) refers to gd32f4xx_dma.o(.text.dma_transfer_number_config) for dma_transfer_number_config
    gd32f4xx_it.o(.text.USART1_IRQHandler) refers to gd32f4xx_dma.o(.text.dma_channel_enable) for dma_channel_enable
    gd32f4xx_it.o(.ARM.exidx.text.USART1_IRQHandler) refers (Special) to systick_wrapper_ual.o(.text) for __ensure_systick_wrapper
[...]
    EXTI5_9_IRQHandler                       0x08011203   Thumb Code     0  startup_gd32f450_470.o(.text)
    FMC_IRQHandler                           0x08011203   Thumb Code     0  startup_gd32f450_470.o(.text)
    FPU_IRQHandler                           0x08011203   Thumb Code     0  startup_gd32f450_470.o(.text)
    I2C0_ER_IRQHandler                       0x08011203   Thumb Code     0  startup_gd32f450_470.o(.text)
    I2C0_EV_IRQHandler                       0x08011203   Thumb Code     0  startup_gd32f450_470.o(.text)
    I2C1_ER_IRQHandler                       0x08011203   Thumb Code     0  startup_gd32f450_470.o(.text)
    I2C1_EV_IRQHandler                       0x08011203   Thumb Code     0  startup_gd32f450_470.o(.text)
    I2C2_ER_IRQHandler                       0x08011203   Thumb Code     0  startup_gd32f450_470.o(.text)
    I2C2_EV_IRQHandler                       0x08011203   Thumb Code     0  startup_gd32f450_470.o(.text)
    IPA_IRQHandler                           0x08011203   Thumb Code     0  startup_gd32f450_470.o(.text)
    LVD_IRQHandler                           0x08011203   Thumb Code     0  startup_gd32f450_470.o(.text)
    RCU_CTC_IRQHandler                       0x08011203   Thumb Code     0  startup_gd32f450_470.o(.text)
    RTC_Alarm_IRQHandler                     0x08011203   Thumb Code     0  startup_gd32f450_470.o(.text)
    SDIO_IRQHandler                          0x08011203   Thumb Code     0  startup_gd32f450_470.o(.text)
    SPI0_IRQHandler                          0x08011203   Thumb Code     0  startup_gd32f450_470.o(.text)
    SPI1_IRQHandler                          0x08011203   Thumb Code     0  startup_gd32f450_470.o(.text)
    SPI2_IRQHandler                          0x08011203   Thumb Code     0  startup_gd32f450_470.o(.text)
    SPI3_IRQHandler                          0x08011203   Thumb Code     0  startup_gd32f450_470.o(.text)
    SPI4_IRQHandler                          0x08011203   Thumb Code     0  startup_gd32f450_470.o(.text)
    SPI5_IRQHandler                          0x08011203   Thumb Code     0  startup_gd32f450_470.o(.text)
    TAMPER_STAMP_IRQHandler                  0x08011203   Thumb Code     0  startup_gd32f450_470.o(.text)
    TIMER0_BRK_TIMER8_IRQHandler             0x08011203   Thumb Code     0  startup_gd32f450_470.o(.text)
    TIMER0_Channel_IRQHandler                0x08011203   Thumb Code     0  startup_gd32f450_470.o(.text)
    TIMER0_TRG_CMT_TIMER10_IRQHandler        0x08011203   Thumb Code     0  startup_gd32f450_470.o(.text)
    TIMER0_UP_TIMER9_IRQHandler              0x08011203   Thumb Code     0  startup_gd32f450_470.o(.text)
    TIMER1_IRQHandler                        0x08011203   Thumb Code     0  startup_gd32f450_470.o(.text)
    TIMER2_IRQHandler                        0x08011203   Thumb Code     0  startup_gd32f450_470.o(.text)
    TIMER3_IRQHandler                        0x08011203   Thumb Code     0  startup_gd32f450_470.o(.text)
    TIMER4_IRQHandler                        0x08011203   Thumb Code     0  startup_gd32f450_470.o(.text)
    TIMER5_DAC_IRQHandler                    0x08011203   Thumb Code     0  startup_gd32f450_470.o(.text)
    TIMER6_IRQHandler                        0x08011203   Thumb Code     0  startup_gd32f450_470.o(.text)
    TIMER7_BRK_TIMER11_IRQHandler            0x08011203   Thumb Code     0  startup_gd32f450_470.o(.text)
    TIMER7_Channel_IRQHandler                0x08011203   Thumb Code     0  startup_gd32f450_470.o(.text)
    TIMER7_TRG_CMT_TIMER13_IRQHandler        0x08011203   Thumb Code     0  startup_gd32f450_470.o(.text)
    TIMER7_UP_TIMER12_IRQHandler             0x08011203   Thumb Code     0  startup_gd32f450_470.o(.text)
    TLI_ER_IRQHandler                        0x08011203   Thumb Code     0  startup_gd32f450_470.o(.text)
    TLI_IRQHandler                           0x08011203   Thumb Code     0  startup_gd32f450_470.o(.text)
    TRNG_IRQHandler                          0x08011203   Thumb Code     0  startup_gd32f450_470.o(.text)
    UART3_IRQHandler                         0x08011203   Thumb Code     0  startup_gd32f450_470.o(.text)
    UART4_IRQHandler                         0x08011203   Thumb Code     0  startup_gd32f450_470.o(.text)
    UART6_IRQHandler                         0x08011203   Thumb Code     0  startup_gd32f450_470.o(.text)
    UART7_IRQHandler                         0x08011203   Thumb Code     0  startup_gd32f450_470.o(.text)
    USART0_IRQHandler                        0x08011203   Thumb Code     0  startup_gd32f450_470.o(.text)
    USART2_IRQHandler                        0x08011203   Thumb Code     0  startup_gd32f450_470.o(.text)
    USART5_IRQHandler                        0x08011203   Thumb Code     0  startup_gd32f450_470.o(.text)
    USBFS_IRQHandler                         0x08011203   Thumb Code     0  startup_gd32f450_470.o(.text)
    USBFS_WKUP_IRQHandler                    0x08011203   Thumb Code     0  startup_gd32f450_470.o(.text)
    USBHS_EP1_In_IRQHandler                  0x08011203   Thumb Code     0  startup_gd32f450_470.o(.text)
    USBHS_EP1_Out_IRQHandler                 0x08011203   Thumb Code     0  startup_gd32f450_470.o(.text)
    USBHS_IRQHandler                         0x08011203   Thumb Code     0  startup_gd32f450_470.o(.text)
    USBHS_WKUP_IRQHandler                    0x08011203   Thumb Code     0  startup_gd32f450_470.o(.text)
    WWDGT_IRQHandler                         0x08011203   Thumb Code     0  startup_gd32f450_470.o(.text)
    __aeabi_ldivmod                          0x0801120d   Thumb Code    98  ldiv.o(.text)
    ___aeabi_memcpy8$move                    0x0801126f   Thumb Code     0  memmovea.o(.text)
    __aeabi_memcpy                           0x0801126f   Thumb Code    64  memmovea.o(.text)
    __aeabi_memcpy4                          0x0801126f   Thumb Code     0  memmovea.o(.text)
    __aeabi_memmove                          0x0801126f   Thumb Code     0  memmovea.o(.text)
    __aeabi_memmove4                         0x0801126f   Thumb Code     0  memmovea.o(.text)
    __aeabi_memmove8                         0x0801126f   Thumb Code     0  memmovea.o(.text)
    __aeabi_memset                           0x080112af   Thumb Code    14  memseta.o(.text)
    __aeabi_memset4                          0x080112af   Thumb Code     0  memseta.o(.text)
    __aeabi_memset8                          0x080112af   Thumb Code     0  memseta.o(.text)
    __aeabi_memclr                           0x080112bd   Thumb Code     4  memseta.o(.text)
    __aeabi_memclr4                          0x080112bd   Thumb Code     0  memseta.o(.text)
    __aeabi_memclr8                          0x080112bd   Thumb Code     0  memseta.o(.text)
    _memset$wrapper                          0x080112c1   Thumb Code    18  memseta.o(.text)
    strlen                                   0x080112d3   Thumb Code    14  strlen.o(.text)
    memcmp                                   0x080112e1   Thumb Code    26  memcmp.o(.text)
    __cpp_initialize__aeabi_                 0x080112fd   Thumb Code    32  cpp_init.o(.text)
    __aeabi_uidiv                            0x08011325   Thumb Code     0  uidiv.o(.text)
    __aeabi_uidivmod                         0x08011325   Thumb Code    44  uidiv.o(.text)
    __aeabi_uldivmod                         0x08011351   Thumb Code    98  uldiv.o(.text)
    __I$use$fp                               0x080113b3   Thumb Code     0  iusefp.o(.text)
    __aeabi_dadd                             0x080113b3   Thumb Code   322  dadd.o(.text)
    __aeabi_dsub                             0x080114f5   Thumb Code     6  dadd.o(.text)
    __aeabi_drsub                            0x080114fb   Thumb Code     6  dadd.o(.text)
    __aeabi_dmul                             0x08011501   Thumb Code   228  dmul.o(.text)
    __aeabi_ddiv                             0x080115e5   Thumb Code   222  ddiv.o(.text)
    __aeabi_d2ulz                            0x080116c3   Thumb Code    48  dfixul.o(.text)
    __aeabi_cdrcmple                         0x080116f5   Thumb Code    48  cdrcmple.o(.text)
    __scatterload                            0x08011725   Thumb Code    38  init.o(.text)
    __scatterload_rt2                        0x08011725   Thumb Code     0  init.o(.text)
    __aeabi_llsl                             0x08011755   Thumb Code    30  llshl.o(.text)
    _ll_shift_l                              0x08011755   Thumb Code     0  llshl.o(.text)
    __aeabi_llsr                             0x08011773   Thumb Code    32  llushr.o(.text)
    _ll_ushift_r                             0x08011773   Thumb Code     0  llushr.o(.text)
    __aeabi_lasr                             0x08011793   Thumb Code    36  llsshr.o(.text)
    _ll_sshift_r                             0x08011793   Thumb Code     0  llsshr.o(.text)
    _double_round                            0x080117b7   Thumb Code    30  depilogue.o(.text)
    _double_epilogue                         0x080117d5   Thumb Code   156  depilogue.o(.text)
    BusFault_Handler                         0x08011871   Thumb Code     2  gd32f4xx_it.o(.text.BusFault_Handler)
    DebugMon_Handler                         0x08011875   Thumb Code     2  gd32f4xx_it.o(.text.DebugMon_Handler)
    EXTI0_IRQHandler                         0x08011879   Thumb Code    24  gd32f4xx_it.o(.text.EXTI0_IRQHandler)
    GD30AD3344_AD_Read                       0x08011891   Thumb Code   160  gd30ad3344.o(.text.GD30AD3344_AD_Read)
    GD30AD3344_Init                          0x08011939   Thumb Code   104  gd30ad3344.o(.text.GD30AD3344_Init)
    HardFault_Handler                        0x080119a1   Thumb Code     2  gd32f4xx_it.o(.text.HardFault_Handler)
    MemManage_Handler                        0x08011aa9   Thumb Code     2  gd32f4xx_it.o(.text.MemManage_Handler)
    NMI_Handler                              0x08011aad   Thumb Code     2  gd32f4xx_it.o(.text.NMI_Handler)
    OLED_Clear                               0x08011ab1   Thumb Code    56  oled.o(.text.OLED_Clear)
    OLED_Display_Off                         0x08011ae9   Thumb Code    24  oled.o(.text.OLED_Display_Off)
    OLED_Init                                0x08011b01   Thumb Code   140  oled.o(.text.OLED_Init)
    OLED_ShowChar                            0x08011b8d   Thumb Code   170  oled.o(.text.OLED_ShowChar)
    OLED_ShowStr                             0x08011c39   Thumb Code    64  oled.o(.text.OLED_ShowStr)
    OLED_Write_cmd                           0x08011c79   Thumb Code   454  oled.o(.text.OLED_Write_cmd)
    OLED_Write_data                          0x08011e41   Thumb Code   454  oled.o(.text.OLED_Write_data)
    PendSV_Handler                           0x08012009   Thumb Code     2  gd32f4xx_it.o(.text.PendSV_Handler)
    RTC_WKUP_IRQHandler                      0x0801200d   Thumb Code    32  gd32f4xx_it.o(.text.RTC_WKUP_IRQHandler)
    SVC_Handler                              0x0801202d   Thumb Code     2  gd32f4xx_it.o(.text.SVC_Handler)
    $Super$$SysTick_Handler                  0x08012031   Thumb Code     4  gd32f4xx_it.o(.text.SysTick_Handler)
    SystemCoreClockUpdate                    0x08012035   Thumb Code   124  system_gd32f4xx.o(.text.SystemCoreClockUpdate)
    SystemInit                               0x080120c1   Thumb Code   552  system_gd32f4xx.o(.text.SystemInit)
    USART1_IRQHandler                        0x080122e9   Thumb Code   170  gd32f4xx_it.o(.text.USART1_IRQHandler)
    UsageFault_Handler                       0x08012395   Thumb Code     2  gd32f4xx_it.o(.text.UsageFault_Handler)
    __perf_counter_init                      0x080123bd   Thumb Code    54  perf_counter.o(.text.__perf_counter_init)
    __perf_os_patch_init                     0x080123f5   Thumb Code     2  perf_counter.o(.text.__perf_os_patch_init)
    adc_calibration_enable                   0x080123f9   Thumb Code    32  gd32f4xx_adc.o(.text.adc_calibration_enable)
    adc_channel_length_config                0x08012419   Thumb Code    70  gd32f4xx_adc.o(.text.adc_channel_length_config)
    adc_clock_config                         0x08012461   Thumb Code    24  gd32f4xx_adc.o(.text.adc_clock_config)
    adc_data_alignment_config                0x08012479   Thumb Code    18  gd32f4xx_adc.o(.text.adc_data_alignment_config)
    adc_disable                              0x0801248d   Thumb Code    10  gd32f4xx_adc.o(.text.adc_disable)
    adc_dma_mode_disable                     0x08012499   Thumb Code    10  gd32f4xx_adc.o(.text.adc_dma_mode_disable)
    adc_dma_mode_enable                      0x080124a5   Thumb Code    10  gd32f4xx_adc.o(.text.adc_dma_mode_enable)
    adc_dma_request_after_last_enable        0x080124b1   Thumb Code    10  gd32f4xx_adc.o(.text.adc_dma_request_after_last_enable)
    adc_enable                               0x080124bd   Thumb Code    18  gd32f4xx_adc.o(.text.adc_enable)
    adc_external_trigger_config              0x080124d1   Thumb Code    46  gd32f4xx_adc.o(.text.adc_external_trigger_config)
    adc_external_trigger_source_config       0x08012501   Thumb Code    34  gd32f4xx_adc.o(.text.adc_external_trigger_source_config)
    adc_routine_channel_config               0x08012525   Thumb Code   116  gd32f4xx_adc.o(.text.adc_routine_channel_config)
    adc_software_trigger_enable              0x08012599   Thumb Code    28  gd32f4xx_adc.o(.text.adc_software_trigger_enable)
    adc_special_function_config              0x080125b5   Thumb Code    90  gd32f4xx_adc.o(.text.adc_special_function_config)
    adc_sync_mode_config                     0x08012611   Thumb Code    24  gd32f4xx_adc.o(.text.adc_sync_mode_config)
    adc_task                                 0x08012629   Thumb Code    14  adc_app.o(.text.adc_task)
    before_cycle_counter_reconfiguration     0x080127f5   Thumb Code    80  perf_counter.o(.text.before_cycle_counter_reconfiguration)
    bsp_adc_disable_for_deepsleep            0x08012845   Thumb Code    36  adc_driver.o(.text.bsp_adc_disable_for_deepsleep)
    bsp_adc_init                             0x08012869   Thumb Code   300  adc_driver.o(.text.bsp_adc_init)
    bsp_btn_init                             0x08012995   Thumb Code    78  key_driver.o(.text.bsp_btn_init)
    bsp_dac_disable_for_deepsleep            0x080129e5   Thumb Code    48  dac_driver.o(.text.bsp_dac_disable_for_deepsleep)
    bsp_dac_init                             0x08012a15   Thumb Code    96  dac_driver.o(.text.bsp_dac_init)
    bsp_enter_deepsleep_for_seconds          0x08012a75   Thumb Code   168  power_driver.o(.text.bsp_enter_deepsleep_for_seconds)
    bsp_gd30ad3344_disable_for_deepsleep     0x08012b1d   Thumb Code    68  gd30ad3344_driver.o(.text.bsp_gd30ad3344_disable_for_deepsleep)
    bsp_gd30ad3344_init                      0x08012b61   Thumb Code   168  gd30ad3344_driver.o(.text.bsp_gd30ad3344_init)
    bsp_gpio_enter_deepsleep_state           0x08012c09   Thumb Code   280  power_driver.o(.text.bsp_gpio_enter_deepsleep_state)
    bsp_led_init                             0x08012d21   Thumb Code    88  led_driver.o(.text.bsp_led_init)
    bsp_oled_disable_for_deepsleep           0x08012d79   Thumb Code    58  oled_driver.o(.text.bsp_oled_disable_for_deepsleep)
    bsp_oled_init                            0x08012db5   Thumb Code   270  oled_driver.o(.text.bsp_oled_init)
    bsp_rtc_init                             0x08012ec5   Thumb Code   220  rtc_driver.o(.text.bsp_rtc_init)
    bsp_rtc_wakeup_config                    0x08012fa1   Thumb Code   114  rtc_driver.o(.text.bsp_rtc_wakeup_config)
    bsp_rtc_wakeup_deconfig                  0x08013015   Thumb Code    40  rtc_driver.o(.text.bsp_rtc_wakeup_deconfig)
    bsp_usart1_init                          0x0801303d   Thumb Code   300  uart_driver.o(.text.bsp_usart1_init)
    bsp_usart_disable_for_deepsleep          0x08013169   Thumb Code    54  uart_driver.o(.text.bsp_usart_disable_for_deepsleep)
    bsp_usart_init                           0x080131a1   Thumb Code     4  uart_driver.o(.text.bsp_usart_init)
    bsp_usart_reinit_after_wakeup            0x080131a5   Thumb Code    14  uart_driver.o(.text.bsp_usart_reinit_after_wakeup)
    bsp_wkup_key_exti_init                   0x080131b5   Thumb Code    72  key_driver.o(.text.bsp_wkup_key_exti_init)
    cimc_alarm_build_query_response          0x080131fd   Thumb Code   144  alarm_app.o(.text.cimc_alarm_build_query_response)
    cimc_alarm_clear_records                 0x0801329d   Thumb Code   180  alarm_app.o(.text.cimc_alarm_clear_records)
    cimc_alarm_init                          0x08013351   Thumb Code   246  alarm_app.o(.text.cimc_alarm_init)
    cimc_alarm_set_active_mode               0x08013449   Thumb Code    48  alarm_app.o(.text.cimc_alarm_set_active_mode)
    cimc_alarm_task                          0x08013479   Thumb Code    82  alarm_app.o(.text.cimc_alarm_task)
    cimc_data_auto_report_is_due             0x080134cd   Thumb Code    64  data_app.o(.text.cimc_data_auto_report_is_due)
    cimc_data_auto_report_is_running         0x0801350d   Thumb Code    12  data_app.o(.text.cimc_data_auto_report_is_running)
    cimc_data_auto_report_start              0x08013519   Thumb Code    34  data_app.o(.text.cimc_data_auto_report_start)
    cimc_data_auto_report_stop               0x0801353d   Thumb Code    14  data_app.o(.text.cimc_data_auto_report_stop)
    cimc_data_build_auto_report_payload      0x0801354d   Thumb Code   110  data_app.o(.text.cimc_data_build_auto_report_payload)
    cimc_data_float_from_be                  0x080135bd   Thumb Code    10  data_app.o(.text.cimc_data_float_from_be)
    cimc_data_float_to_be                    0x080135c9   Thumb Code    10  data_app.o(.text.cimc_data_float_to_be)
    cimc_data_get_ch0_threshold              0x080135d5   Thumb Code    14  data_app.o(.text.cimc_data_get_ch0_threshold)
    cimc_data_get_ch0_value                  0x080135e5   Thumb Code    36  data_app.o(.text.cimc_data_get_ch0_value)
    cimc_data_get_ch1_threshold              0x08013609   Thumb Code    14  data_app.o(.text.cimc_data_get_ch1_threshold)
    cimc_data_get_ch1_value                  0x08013619   Thumb Code    36  data_app.o(.text.cimc_data_get_ch1_value)
    cimc_data_get_ch2_value                  0x0801363d   Thumb Code    14  data_app.o(.text.cimc_data_get_ch2_value)
    cimc_data_init                           0x0801364d   Thumb Code   148  data_app.o(.text.cimc_data_init)
    cimc_data_set_ch0_ratio                  0x080136e1   Thumb Code    72  data_app.o(.text.cimc_data_set_ch0_ratio)
    cimc_data_set_ch0_threshold              0x08013729   Thumb Code    80  data_app.o(.text.cimc_data_set_ch0_threshold)
    cimc_data_set_ch1_ratio                  0x08013779   Thumb Code    80  data_app.o(.text.cimc_data_set_ch1_ratio)
    cimc_data_set_ch1_threshold              0x080137c9   Thumb Code    80  data_app.o(.text.cimc_data_set_ch1_threshold)
    cimc_data_set_dac_raw                    0x08013819   Thumb Code    60  data_app.o(.text.cimc_data_set_dac_raw)
    cimc_data_set_report_interval_code       0x08013855   Thumb Code    40  data_app.o(.text.cimc_data_set_report_interval_code)
    cimc_data_update_ch2_value               0x0801387d   Thumb Code   304  data_app.o(.text.cimc_data_update_ch2_value)
    cimc_param_get                           0x080139e1   Thumb Code    10  param_app.o(.text.cimc_param_get)
    cimc_param_get_dac_raw                   0x080139ed   Thumb Code    12  param_app.o(.text.cimc_param_get_dac_raw)
    cimc_param_init                          0x080139f9   Thumb Code   338  param_app.o(.text.cimc_param_init)
    cimc_param_update_baud_code              0x08013b4d   Thumb Code    68  param_app.o(.text.cimc_param_update_baud_code)
    cimc_param_update_dac_raw                0x08013b91   Thumb Code   272  param_app.o(.text.cimc_param_update_dac_raw)
    cimc_param_update_data                   0x08013ca1   Thumb Code    52  param_app.o(.text.cimc_param_update_data)
    cimc_param_update_device_id              0x08013cd5   Thumb Code    66  param_app.o(.text.cimc_param_update_device_id)
    cimc_protocol_init                       0x08013d19   Thumb Code    32  system_protocol.o(.text.cimc_protocol_init)
    cimc_protocol_process_bytes              0x08013d39   Thumb Code   168  system_protocol.o(.text.cimc_protocol_process_bytes)
    cimc_protocol_send_frame                 0x08013de1   Thumb Code   216  system_protocol.o(.text.cimc_protocol_send_frame)
    cimc_protocol_send_heartbeat             0x08013eb9   Thumb Code    14  system_protocol.o(.text.cimc_protocol_send_heartbeat)
    cimc_protocol_task                       0x08013ec9   Thumb Code  1984  system_protocol.o(.text.cimc_protocol_task)
    cimc_system_apply_baud_rate              0x08014689   Thumb Code    40  system_app.o(.text.cimc_system_apply_baud_rate)
    cimc_system_baud_code_to_value           0x080146b1   Thumb Code    26  system_app.o(.text.cimc_system_baud_code_to_value)
    cimc_system_enter_sleep_and_report_wakeup 0x080146cd   Thumb Code    26  system_app.o(.text.cimc_system_enter_sleep_and_report_wakeup)
    cimc_system_get_baud_code                0x080146e9   Thumb Code    10  system_app.o(.text.cimc_system_get_baud_code)
    cimc_system_get_time                     0x080146f5   Thumb Code    50  system_app.o(.text.cimc_system_get_time)
    cimc_system_init                         0x08014729   Thumb Code   574  system_app.o(.text.cimc_system_init)
    cimc_system_reboot                       0x08014969   Thumb Code     4  system_app.o(.text.cimc_system_reboot)
    cimc_system_request_bootloader_upgrade   0x0801496d   Thumb Code   364  system_app.o(.text.cimc_system_request_bootloader_upgrade)
    cimc_system_set_time                     0x08014ad9   Thumb Code   512  system_app.o(.text.cimc_system_set_time)
    dac_data_set                             0x08014cd9   Thumb Code    30  gd32f4xx_dac.o(.text.dac_data_set)
    dac_deinit                               0x08014cf9   Thumb Code    36  gd32f4xx_dac.o(.text.dac_deinit)
    dac_disable                              0x08014d1d   Thumb Code    26  gd32f4xx_dac.o(.text.dac_disable)
    dac_dma_disable                          0x08014d39   Thumb Code    26  gd32f4xx_dac.o(.text.dac_dma_disable)
    dac_enable                               0x08014d55   Thumb Code    24  gd32f4xx_dac.o(.text.dac_enable)
    dac_trigger_disable                      0x08014d6d   Thumb Code    26  gd32f4xx_dac.o(.text.dac_trigger_disable)
    dac_wave_mode_config                     0x08014d89   Thumb Code    36  gd32f4xx_dac.o(.text.dac_wave_mode_config)
    delay_1ms                                0x08014dad   Thumb Code    20  systick.o(.text.delay_1ms)
    delay_decrement                          0x08014dc1   Thumb Code    24  systick.o(.text.delay_decrement)
    dma_channel_disable                      0x08014dd9   Thumb Code    18  gd32f4xx_dma.o(.text.dma_channel_disable)
    dma_channel_enable                       0x08014ded   Thumb Code    18  gd32f4xx_dma.o(.text.dma_channel_enable)
    dma_channel_subperipheral_select         0x08014e01   Thumb Code    22  gd32f4xx_dma.o(.text.dma_channel_subperipheral_select)
    dma_circulation_disable                  0x08014e19   Thumb Code    18  gd32f4xx_dma.o(.text.dma_circulation_disable)
    dma_circulation_enable                   0x08014e2d   Thumb Code    18  gd32f4xx_dma.o(.text.dma_circulation_enable)
    dma_deinit                               0x08014e41   Thumb Code    78  gd32f4xx_dma.o(.text.dma_deinit)
    dma_flag_clear                           0x08014e91   Thumb Code    54  gd32f4xx_dma.o(.text.dma_flag_clear)
    dma_flag_get                             0x08014ec9   Thumb Code    40  gd32f4xx_dma.o(.text.dma_flag_get)
    dma_memory_address_config                0x08014ef1   Thumb Code    20  gd32f4xx_dma.o(.text.dma_memory_address_config)
    dma_single_data_mode_init                0x08014f05   Thumb Code   134  gd32f4xx_dma.o(.text.dma_single_data_mode_init)
    dma_single_data_para_struct_init         0x08014f8d   Thumb Code    24  gd32f4xx_dma.o(.text.dma_single_data_para_struct_init)
    dma_transfer_number_config               0x08014fa5   Thumb Code    12  gd32f4xx_dma.o(.text.dma_transfer_number_config)
    dma_transfer_number_get                  0x08014fb1   Thumb Code    12  gd32f4xx_dma.o(.text.dma_transfer_number_get)
    exti_init                                0x08014fbd   Thumb Code   156  gd32f4xx_exti.o(.text.exti_init)
    exti_interrupt_flag_clear                0x08015059   Thumb Code    12  gd32f4xx_exti.o(.text.exti_interrupt_flag_clear)
    exti_interrupt_flag_get                  0x08015065   Thumb Code    18  gd32f4xx_exti.o(.text.exti_interrupt_flag_get)
    get_system_ticks                         0x080152c1   Thumb Code   164  perf_counter.o(.text.get_system_ticks)
    gpio_af_set                              0x08015365   Thumb Code   110  gd32f4xx_gpio.o(.text.gpio_af_set)
    gpio_bit_reset                           0x080153d5   Thumb Code     4  gd32f4xx_gpio.o(.text.gpio_bit_reset)
    gpio_bit_set                             0x080153d9   Thumb Code     4  gd32f4xx_gpio.o(.text.gpio_bit_set)
    gpio_mode_set                            0x080153dd   Thumb Code    84  gd32f4xx_gpio.o(.text.gpio_mode_set)
    gpio_output_options_set                  0x08015431   Thumb Code    70  gd32f4xx_gpio.o(.text.gpio_output_options_set)
    i2c_ack_config                           0x08015479   Thumb Code    12  gd32f4xx_i2c.o(.text.i2c_ack_config)
    i2c_clock_config                         0x08015485   Thumb Code   214  gd32f4xx_i2c.o(.text.i2c_clock_config)
    i2c_deinit                               0x0801555d   Thumb Code    72  gd32f4xx_i2c.o(.text.i2c_deinit)
    i2c_disable                              0x080155a5   Thumb Code    10  gd32f4xx_i2c.o(.text.i2c_disable)
    i2c_dma_config                           0x080155b1   Thumb Code    12  gd32f4xx_i2c.o(.text.i2c_dma_config)
    i2c_enable                               0x080155bd   Thumb Code    10  gd32f4xx_i2c.o(.text.i2c_enable)
    i2c_flag_clear                           0x080155c9   Thumb Code    38  gd32f4xx_i2c.o(.text.i2c_flag_clear)
    i2c_flag_get                             0x080155f1   Thumb Code    16  gd32f4xx_i2c.o(.text.i2c_flag_get)
    i2c_master_addressing                    0x08015601   Thumb Code    14  gd32f4xx_i2c.o(.text.i2c_master_addressing)
    i2c_mode_addr_config                     0x08015611   Thumb Code    26  gd32f4xx_i2c.o(.text.i2c_mode_addr_config)
    i2c_start_on_bus                         0x0801562d   Thumb Code    10  gd32f4xx_i2c.o(.text.i2c_start_on_bus)
    i2c_stop_on_bus                          0x08015639   Thumb Code    10  gd32f4xx_i2c.o(.text.i2c_stop_on_bus)
    led_task                                 0x08015645   Thumb Code   118  led_app.o(.text.led_task)
    main                                     0x080156bd   Thumb Code   106  main.o(.text.main)
    nvic_irq_disable                         0x08015729   Thumb Code    42  gd32f4xx_misc.o(.text.nvic_irq_disable)
    nvic_irq_enable                          0x08015755   Thumb Code   146  gd32f4xx_misc.o(.text.nvic_irq_enable)
    nvic_vector_table_set                    0x080157e9   Thumb Code    28  gd32f4xx_misc.o(.text.nvic_vector_table_set)
    oled_show_bootloader_status              0x08015839   Thumb Code    12  oled_app.o(.text.oled_show_bootloader_status)
    oled_task                                0x08015851   Thumb Code    80  oled_app.o(.text.oled_task)
    perfc_convert_ticks_to_ms                0x080159f5   Thumb Code    20  perf_counter.o(.text.perfc_convert_ticks_to_ms)
    perfc_delay_ms                           0x08015a09   Thumb Code    94  perf_counter.o(.text.perfc_delay_ms)
    perfc_delay_ms_user_code_in_loop         0x08015a69   Thumb Code     4  perf_counter.o(.text.perfc_delay_ms_user_code_in_loop)
    perfc_init                               0x08015a6d   Thumb Code    54  perf_counter.o(.text.perfc_init)
    perfc_port_clear_system_timer_counter    0x08015aa5   Thumb Code    14  perfc_port_default.o(.text.perfc_port_clear_system_timer_counter)
    perfc_port_clear_system_timer_ovf_pending 0x08015ab5   Thumb Code    16  perfc_port_default.o(.text.perfc_port_clear_system_timer_ovf_pending)
    perfc_port_get_system_timer_elapsed      0x08015ac5   Thumb Code    24  perfc_port_default.o(.text.perfc_port_get_system_timer_elapsed)
    perfc_port_get_system_timer_freq         0x08015add   Thumb Code    12  perfc_port_default.o(.text.perfc_port_get_system_timer_freq)
    perfc_port_get_system_timer_top          0x08015ae9   Thumb Code    14  perfc_port_default.o(.text.perfc_port_get_system_timer_top)
    perfc_port_init_system_timer             0x08015af9   Thumb Code    56  perfc_port_default.o(.text.perfc_port_init_system_timer)
    perfc_port_insert_to_system_timer_insert_ovf_handler 0x08015b31   Thumb Code    44  perf_counter.o(.text.perfc_port_insert_to_system_timer_insert_ovf_handler)
    perfc_port_is_system_timer_ovf_pending   0x08015b5d   Thumb Code    16  perfc_port_default.o(.text.perfc_port_is_system_timer_ovf_pending)
    perfc_port_stop_system_timer_counting    0x08015b6d   Thumb Code    18  perfc_port_default.o(.text.perfc_port_stop_system_timer_counting)
    pmu_backup_write_enable                  0x08015b81   Thumb Code    18  gd32f4xx_pmu.o(.text.pmu_backup_write_enable)
    pmu_flag_clear                           0x08015b95   Thumb Code    30  gd32f4xx_pmu.o(.text.pmu_flag_clear)
    pmu_to_deepsleepmode                     0x08015bb5   Thumb Code   250  gd32f4xx_pmu.o(.text.pmu_to_deepsleepmode)
    rcu_all_reset_flag_clear                 0x08015cb1   Thumb Code    18  gd32f4xx_rcu.o(.text.rcu_all_reset_flag_clear)
    rcu_clock_freq_get                       0x08015cc5   Thumb Code   172  gd32f4xx_rcu.o(.text.rcu_clock_freq_get)
    rcu_flag_get                             0x08015d81   Thumb Code    26  gd32f4xx_rcu.o(.text.rcu_flag_get)
    rcu_osci_on                              0x08015d9d   Thumb Code    30  gd32f4xx_rcu.o(.text.rcu_osci_on)
    rcu_osci_stab_wait                       0x08015dbd   Thumb Code   452  gd32f4xx_rcu.o(.text.rcu_osci_stab_wait)
    rcu_periph_clock_enable                  0x08015f81   Thumb Code    30  gd32f4xx_rcu.o(.text.rcu_periph_clock_enable)
    rcu_periph_reset_disable                 0x08015fa1   Thumb Code    32  gd32f4xx_rcu.o(.text.rcu_periph_reset_disable)
    rcu_periph_reset_enable                  0x08015fc1   Thumb Code    30  gd32f4xx_rcu.o(.text.rcu_periph_reset_enable)
    rcu_rtc_clock_config                     0x08015fe1   Thumb Code    20  gd32f4xx_rcu.o(.text.rcu_rtc_clock_config)
    rs485_send_bytes                         0x08015ff5   Thumb Code    98  usart_app.o(.text.rs485_send_bytes)
    rtc_current_time_get                     0x08016059   Thumb Code    92  gd32f4xx_rtc.o(.text.rtc_current_time_get)
    rtc_flag_clear                           0x080160b5   Thumb Code    18  gd32f4xx_rtc.o(.text.rtc_flag_clear)
    rtc_flag_get                             0x080160c9   Thumb Code    18  gd32f4xx_rtc.o(.text.rtc_flag_get)
    rtc_init                                 0x080160dd   Thumb Code   268  gd32f4xx_rtc.o(.text.rtc_init)
    rtc_interrupt_disable                    0x080161e9   Thumb Code    52  gd32f4xx_rtc.o(.text.rtc_interrupt_disable)
    rtc_interrupt_enable                     0x0801621d   Thumb Code    46  gd32f4xx_rtc.o(.text.rtc_interrupt_enable)
    rtc_register_sync_wait                   0x0801624d   Thumb Code    76  gd32f4xx_rtc.o(.text.rtc_register_sync_wait)
    rtc_task                                 0x08016299   Thumb Code    12  rtc_app.o(.text.rtc_task)
    rtc_wakeup_clock_set                     0x080162a5   Thumb Code    72  gd32f4xx_rtc.o(.text.rtc_wakeup_clock_set)
    rtc_wakeup_disable                       0x080162ed   Thumb Code    66  gd32f4xx_rtc.o(.text.rtc_wakeup_disable)
    rtc_wakeup_enable                        0x08016331   Thumb Code    34  gd32f4xx_rtc.o(.text.rtc_wakeup_enable)
    rtc_wakeup_timer_set                     0x08016355   Thumb Code    64  gd32f4xx_rtc.o(.text.rtc_wakeup_timer_set)
    scheduler_init                           0x08016395   Thumb Code    14  scheduler.o(.text.scheduler_init)
    scheduler_run                            0x080163a5   Thumb Code    78  scheduler.o(.text.scheduler_run)
    spi_disable                              0x08016415   Thumb Code    10  gd32f4xx_spi.o(.text.spi_disable)
    spi_dma_disable                          0x08016421   Thumb Code    22  gd32f4xx_spi.o(.text.spi_dma_disable)
    spi_dma_enable                           0x08016439   Thumb Code    18  gd32f4xx_spi.o(.text.spi_dma_enable)
    spi_enable                               0x0801644d   Thumb Code    10  gd32f4xx_spi.o(.text.spi_enable)
    spi_gd30ad3344_send_halfword_dma         0x08016459   Thumb Code   286  gd30ad3344.o(.text.spi_gd30ad3344_send_halfword_dma)
    spi_init                                 0x08016579   Thumb Code    52  gd32f4xx_spi.o(.text.spi_init)
    syscfg_exti_line_config                  0x080165ad   Thumb Code   132  gd32f4xx_syscfg.o(.text.syscfg_exti_line_config)
    systick_config                           0x08016631   Thumb Code    74  systick.o(.text.systick_config)
    timer_disable                            0x0801667d   Thumb Code    10  gd32f4xx_timer.o(.text.timer_disable)
    uart_task                                0x08016689   Thumb Code    62  usart_app.o(.text.uart_task)
    update_perf_counter                      0x080166c9   Thumb Code   168  perf_counter.o(.text.update_perf_counter)
    usart_baudrate_set                       0x08016779   Thumb Code   190  gd32f4xx_usart.o(.text.usart_baudrate_set)
    usart_data_receive                       0x08016839   Thumb Code     8  gd32f4xx_usart.o(.text.usart_data_receive)
    usart_data_transmit                      0x08016841   Thumb Code     8  gd32f4xx_usart.o(.text.usart_data_transmit)
    usart_deinit                             0x08016849   Thumb Code   200  gd32f4xx_usart.o(.text.usart_deinit)
    usart_disable                            0x08016911   Thumb Code    10  gd32f4xx_usart.o(.text.usart_disable)
    usart_dma_receive_config                 0x0801691d   Thumb Code    20  gd32f4xx_usart.o(.text.usart_dma_receive_config)
    usart_enable                             0x08016931   Thumb Code    10  gd32f4xx_usart.o(.text.usart_enable)
    usart_flag_get                           0x0801693d   Thumb Code    16  gd32f4xx_usart.o(.text.usart_flag_get)
    usart_interrupt_disable                  0x0801694d   Thumb Code    24  gd32f4xx_usart.o(.text.usart_interrupt_disable)
    usart_interrupt_enable                   0x08016965   Thumb Code    22  gd32f4xx_usart.o(.text.usart_interrupt_enable)
    usart_interrupt_flag_get                 0x0801697d   Thumb Code    34  gd32f4xx_usart.o(.text.usart_interrupt_flag_get)
    usart_receive_config                     0x080169a1   Thumb Code    12  gd32f4xx_usart.o(.text.usart_receive_config)
    usart_transmit_config                    0x080169ad   Thumb Code    12  gd32f4xx_usart.o(.text.usart_transmit_config)
    __0snprintf                              0x080169d9   Thumb Code    48  printfa.o(i.__0snprintf)
    __1snprintf                              0x080169d9   Thumb Code     0  printfa.o(i.__0snprintf)
    __2snprintf                              0x080169d9   Thumb Code     0  printfa.o(i.__0snprintf)
    __c89snprintf                            0x080169d9   Thumb Code     0  printfa.o(i.__0snprintf)
    snprintf                                 0x080169d9   Thumb Code     0  printfa.o(i.__0snprintf)
    __0vsnprintf                             0x08016a0d   Thumb Code    46  printfa.o(i.__0vsnprintf)
    __1vsnprintf                             0x08016a0d   Thumb Code     0  printfa.o(i.__0vsnprintf)
    __2vsnprintf                             0x08016a0d   Thumb Code     0  printfa.o(i.__0vsnprintf)
    __c89vsnprintf                           0x08016a0d   Thumb Code     0  printfa.o(i.__0vsnprintf)
    vsnprintf                                0x08016a0d   Thumb Code     0  printfa.o(i.__0vsnprintf)
    __hardfp_sqrtf                           0x08016a41   Thumb Code    58  sqrtf.o(i.__hardfp_sqrtf)
    __scatterload_copy                       0x08016a7b   Thumb Code    14  handlers.o(i.__scatterload_copy)
    __scatterload_null                       0x08016a89   Thumb Code     2  handlers.o(i.__scatterload_null)
    __scatterload_zeroinit                   0x08016a8b   Thumb Code    14  handlers.o(i.__scatterload_zeroinit)
    __set_errno                              0x08016a99   Thumb Code     6  errno.o(i.__set_errno)
    F6X8                                     0x08017388   Data         552  oled.o(.rodata.F6X8)
    Region$$Table$$Base                      0x08017c50   Number         0  anon$$obj.o(Region$$Table)
    Region$$Table$$Limit                     0x08017c80   Number         0  anon$$obj.o(Region$$Table)
    SHT$$INIT_ARRAY$$Base                    0x08017c80   Number         0  perf_counter.o(.init_array)
    SHT$$INIT_ARRAY$$Limit                   0x08017c84   Number         0  cpp_init.o(.init_array)
    SystemCoreClock                          0x20000004   Data           4  system_gd32f4xx.o(.data.SystemCoreClock)
    initcmd1                                 0x20000008   Data          22  oled.o(.data.initcmd1)
    oled_data_buf                            0x2000001e   Data           2  oled_driver.o(.data.oled_data_buf)
    s_oled_available                         0x20000036   Data           1  oled.o(.data.s_oled_available)
    GD30AD3344_InitStruct                    0x20000080   Data           2  gd30ad3344.o(.bss.GD30AD3344_InitStruct)
    RTCSRC_FLAG                              0x200000a8   Data           4  rtc_driver.o(.bss.RTCSRC_FLAG)
    adc_value                                0x200000ac   Data           4  adc_driver.o(.bss.adc_value)
    convertarr                               0x200000b0   Data           2  dac_driver.o(.bss.convertarr)
    g_nOffset                                0x200000b8   Data           4  perf_counter.o(.bss.g_nOffset)
    oled_cmd_buf                             0x200000c4   Data           2  oled_driver.o(.bss.oled_cmd_buf)
    prescaler_a                              0x200000d8   Data           4  rtc_driver.o(.bss.prescaler_a)
    prescaler_s                              0x200000dc   Data           4  rtc_driver.o(.bss.prescaler_s)
    rs485_rx_flag                            0x200000e0   Data           1  usart_app.o(.bss.rs485_rx_flag)
    rs485_uart_dma_buffer                    0x200000e4   Data         256  usart_app.o(.bss.rs485_uart_dma_buffer)
    rs485_uart_dma_len                       0x200001e4   Data           2  usart_app.o(.bss.rs485_uart_dma_len)
    rtc_initpara                             0x200001e8   Data          20  rtc_driver.o(.bss.rtc_initpara)
    spi3_receive_array                       0x2000337c   Data          12  gd30ad3344_driver.o(.bss.spi3_receive_array)
    spi3_send_array                          0x20003388   Data          12  gd30ad3344_driver.o(.bss.spi3_send_array)
    task_num                                 0x20003394   Data           1  scheduler.o(.bss.task_num)
    usart1_rxbuffer                          0x20003395   Data         256  uart_driver.o(.bss.usart1_rxbuffer)
    __initial_sp                             0x20005498   Data           0  startup_gd32f450_470.o(STACK)
    fmc_flag_clear                           0x200056b5   Thumb Code    12  gd32f4xx_fmc.o(.text.fmc_flag_clear)
    fmc_flag_get                             0x200056c1   Thumb Code    18  gd32f4xx_fmc.o(.text.fmc_flag_get)
    fmc_lock                                 0x200056d5   Thumb Code    18  gd32f4xx_fmc.o(.text.fmc_lock)
    fmc_page_erase                           0x200056e9   Thumb Code   232  gd32f4xx_fmc.o(.text.fmc_page_erase)
    fmc_unlock                               0x200057d1   Thumb Code    40  gd32f4xx_fmc.o(.text.fmc_unlock)
    fmc_word_program                         0x200057f9   Thumb Code   228  gd32f4xx_fmc.o(.text.fmc_word_program)



==============================================================================

Memory Map of the image

  Image Entry point : 0x080111ad

  Load Region LR_IROM1 (Base: 0x08011000, Size: 0x0000714c, Max: 0x00020000, ABSOLUTE)

    Execution Region ER_IROM1 (Exec base: 0x08011000, Load base: 0x08011000, Size: 0x00006c84, Max: 0x00020000, ABSOLUTE)

    Exec Addr    Load Addr    Size         Type   Attr      Idx    E Section Name        Object

    0x08011000   0x08011000   0x000001ac   Data   RO         2478    RESET               startup_gd32f450_470.o
    0x080111ac   0x080111ac   0x00000000   Code   RO         2504  * .ARM.Collect$$$$00000000  mc_w.l(entry.o)
    0x080111ac   0x080111ac   0x00000004   Code   RO         2789    .ARM.Collect$$$$00000001  mc_w.l(entry2.o)
    0x080111b0   0x080111b0   0x00000004   Code   RO         2792    .ARM.Collect$$$$00000004  mc_w.l(entry5.o)
    0x080111b4   0x080111b4   0x00000000   Code   RO         2794    .ARM.Collect$$$$00000008  mc_w.l(entry7b.o)
    0x080111b4   0x080111b4   0x00000004   Code   RO         2795    .ARM.Collect$$$$00000009  mc_w.l(entry8a.o)
    0x080111b8   0x080111b8   0x00000000   Code   RO         2796    .ARM.Collect$$$$0000000A  mc_w.l(entry8b.o)
    0x080111b8   0x080111b8   0x00000008   Code   RO         2797    .ARM.Collect$$$$0000000B  mc_w.l(entry9a.o)
    0x080111c0   0x080111c0   0x00000000   Code   RO         2799    .ARM.Collect$$$$0000000D  mc_w.l(entry10a.o)
    0x080111c0   0x080111c0   0x00000000   Code   RO         2801    .ARM.Collect$$$$0000000F  mc_w.l(entry11a.o)
    0x080111c0   0x080111c0   0x00000004   Code   RO         2790    .ARM.Collect$$$$00002712  mc_w.l(entry2.o)
    0x080111c4   0x080111c4   0x00000024   Code   RO         2470    .text               systick_wrapper_ual.o
    0x080111e8   0x080111e8   0x00000024   Code   RO         2479    .text               startup_gd32f450_470.o
    0x0801120c   0x0801120c   0x00000062   Code   RO         2507    .text               mc_w.l(ldiv.o)
    0x0801126e   0x0801126e   0x00000040   Code   RO         2511    .text               mc_w.l(memmovea.o)
    0x080112ae   0x080112ae   0x00000024   Code   RO         2513    .text               mc_w.l(memseta.o)
    0x080112d2   0x080112d2   0x0000000e   Code   RO         2515    .text               mc_w.l(strlen.o)
    0x080112e0   0x080112e0   0x0000001a   Code   RO         2517    .text               mc_w.l(memcmp.o)
    0x080112fa   0x080112fa   0x00000002   PAD
    0x080112fc   0x080112fc   0x00000028   Code   RO         2787    .text               mc_w.l(cpp_init.o)
    0x08011324   0x08011324   0x0000002c   Code   RO         2817    .text               mc_w.l(uidiv.o)
    0x08011350   0x08011350   0x00000062   Code   RO         2819    .text               mc_w.l(uldiv.o)
    0x080113b2   0x080113b2   0x00000000   Code   RO         2828    .text               mc_w.l(iusefp.o)
    0x080113b2   0x080113b2   0x0000014e   Code   RO         2833    .text               mf_w.l(dadd.o)
    0x08011500   0x08011500   0x000000e4   Code   RO         2835    .text               mf_w.l(dmul.o)
    0x080115e4   0x080115e4   0x000000de   Code   RO         2837    .text               mf_w.l(ddiv.o)
    0x080116c2   0x080116c2   0x00000030   Code   RO         2839    .text               mf_w.l(dfixul.o)
    0x080116f2   0x080116f2   0x00000002   PAD
    0x080116f4   0x080116f4   0x00000030   Code   RO         2841    .text               mf_w.l(cdrcmple.o)
    0x08011724   0x08011724   0x00000030   Code   RO         2843    .text               mc_w.l(init.o)
    0x08011754   0x08011754   0x0000001e   Code   RO         2846    .text               mc_w.l(llshl.o)
    0x08011772   0x08011772   0x00000020   Code   RO         2848    .text               mc_w.l(llushr.o)
    0x08011792   0x08011792   0x00000024   Code   RO         2850    .text               mc_w.l(llsshr.o)
    0x080117b6   0x080117b6   0x000000ba   Code   RO         2853    .text               mf_w.l(depilogue.o)
    0x08011870   0x08011870   0x00000002   Code   RO            8    .text.BusFault_Handler  gd32f4xx_it.o
    0x08011872   0x08011872   0x00000002   PAD
    0x08011874   0x08011874   0x00000002   Code   RO           14    .text.DebugMon_Handler  gd32f4xx_it.o
    0x08011876   0x08011876   0x00000002   PAD
    0x08011878   0x08011878   0x00000018   Code   RO           22    .text.EXTI0_IRQHandler  gd32f4xx_it.o
    0x08011890   0x08011890   0x000000a8   Code   RO          179    .text.GD30AD3344_AD_Read  gd30ad3344.o
    0x08011938   0x08011938   0x00000068   Code   RO          175    .text.GD30AD3344_Init  gd30ad3344.o
    0x080119a0   0x080119a0   0x00000002   Code   RO            4    .text.HardFault_Handler  gd32f4xx_it.o
    0x080119a2   0x080119a2   0x00000002   PAD
    0x080119a4   0x080119a4   0x00000102   Code   RO          110    .text.I2C_Bus_Reset  oled.o
    0x08011aa6   0x08011aa6   0x00000002   PAD
    0x08011aa8   0x08011aa8   0x00000002   Code   RO            6    .text.MemManage_Handler  gd32f4xx_it.o
    0x08011aaa   0x08011aaa   0x00000002   PAD
    0x08011aac   0x08011aac   0x00000002   Code   RO            2    .text.NMI_Handler   gd32f4xx_it.o
    0x08011aae   0x08011aae   0x00000002   PAD
    0x08011ab0   0x08011ab0   0x00000038   Code   RO          132    .text.OLED_Clear    oled.o
    0x08011ae8   0x08011ae8   0x00000018   Code   RO          136    .text.OLED_Display_Off  oled.o
    0x08011b00   0x08011b00   0x0000008c   Code   RO          138    .text.OLED_Init     oled.o
    0x08011b8c   0x08011b8c   0x000000aa   Code   RO          124    .text.OLED_ShowChar  oled.o
    0x08011c36   0x08011c36   0x00000002   PAD
    0x08011c38   0x08011c38   0x00000040   Code   RO          128    .text.OLED_ShowStr  oled.o
    0x08011c78   0x08011c78   0x000001c6   Code   RO          108    .text.OLED_Write_cmd  oled.o
    0x08011e3e   0x08011e3e   0x00000002   PAD
    0x08011e40   0x08011e40   0x000001c6   Code   RO          112    .text.OLED_Write_data  oled.o
    0x08012006   0x08012006   0x00000002   PAD
    0x08012008   0x08012008   0x00000002   Code   RO           16    .text.PendSV_Handler  gd32f4xx_it.o
    0x0801200a   0x0801200a   0x00000002   PAD
    0x0801200c   0x0801200c   0x00000020   Code   RO           20    .text.RTC_WKUP_IRQHandler  gd32f4xx_it.o
    0x0801202c   0x0801202c   0x00000002   Code   RO           12    .text.SVC_Handler   gd32f4xx_it.o
    0x0801202e   0x0801202e   0x00000002   PAD
    0x08012030   0x08012030   0x00000004   Code   RO           24    .text.SysTick_Handler  gd32f4xx_it.o
    0x08012034   0x08012034   0x0000008c   Code   RO         2486    .text.SystemCoreClockUpdate  system_gd32f4xx.o
    0x080120c0   0x080120c0   0x00000228   Code   RO         2484    .text.SystemInit    system_gd32f4xx.o
    0x080122e8   0x080122e8   0x000000aa   Code   RO           18    .text.USART1_IRQHandler  gd32f4xx_it.o
    0x08012392   0x08012392   0x00000002   PAD
    0x08012394   0x08012394   0x00000002   Code   RO           10    .text.UsageFault_Handler  gd32f4xx_it.o
    0x08012396   0x08012396   0x00000002   PAD
    0x08012398   0x08012398   0x00000024   Code   RO          498    .text.__NVIC_SystemReset  system_app.o
    0x080123bc   0x080123bc   0x00000036   Code   RO         2373    .text.__perf_counter_init  perf_counter.o
    0x080123f2   0x080123f2   0x00000002   PAD
    0x080123f4   0x080123f4   0x00000002   Code   RO         2363    .text.__perf_os_patch_init  perf_counter.o
    0x080123f6   0x080123f6   0x00000002   PAD
    0x080123f8   0x080123f8   0x00000020   Code   RO          528    .text.adc_calibration_enable  gd32f4xx_adc.o
    0x08012418   0x08012418   0x00000046   Code   RO          550    .text.adc_channel_length_config  gd32f4xx_adc.o
    0x0801245e   0x0801245e   0x00000002   PAD
    0x08012460   0x08012460   0x00000018   Code   RO          518    .text.adc_clock_config  gd32f4xx_adc.o
    0x08012478   0x08012478   0x00000012   Code   RO          522    .text.adc_data_alignment_config  gd32f4xx_adc.o
    0x0801248a   0x0801248a   0x00000002   PAD
    0x0801248c   0x0801248c   0x0000000a   Code   RO          526    .text.adc_disable   gd32f4xx_adc.o
    0x08012496   0x08012496   0x00000002   PAD
    0x08012498   0x08012498   0x0000000a   Code   RO          542    .text.adc_dma_mode_disable  gd32f4xx_adc.o
    0x080124a2   0x080124a2   0x00000002   PAD
    0x080124a4   0x080124a4   0x0000000a   Code   RO          540    .text.adc_dma_mode_enable  gd32f4xx_adc.o
    0x080124ae   0x080124ae   0x00000002   PAD
    0x080124b0   0x080124b0   0x0000000a   Code   RO          544    .text.adc_dma_request_after_last_enable  gd32f4xx_adc.o
    0x080124ba   0x080124ba   0x00000002   PAD
    0x080124bc   0x080124bc   0x00000012   Code   RO          524    .text.adc_enable    gd32f4xx_adc.o
    0x080124ce   0x080124ce   0x00000002   PAD
    0x080124d0   0x080124d0   0x0000002e   Code   RO          560    .text.adc_external_trigger_config  gd32f4xx_adc.o
    0x080124fe   0x080124fe   0x00000002   PAD
    0x08012500   0x08012500   0x00000022   Code   RO          558    .text.adc_external_trigger_source_config  gd32f4xx_adc.o
    0x08012522   0x08012522   0x00000002   PAD
    0x08012524   0x08012524   0x00000074   Code   RO          552    .text.adc_routine_channel_config  gd32f4xx_adc.o
    0x08012598   0x08012598   0x0000001c   Code   RO          562    .text.adc_software_trigger_enable  gd32f4xx_adc.o
    0x080125b4   0x080125b4   0x0000005a   Code   RO          520    .text.adc_special_function_config  gd32f4xx_adc.o
    0x0801260e   0x0801260e   0x00000002   PAD
    0x08012610   0x08012610   0x00000018   Code   RO          596    .text.adc_sync_mode_config  gd32f4xx_adc.o
    0x08012628   0x08012628   0x0000000e   Code   RO          350    .text.adc_task      adc_app.o
    0x08012636   0x08012636   0x00000002   PAD
    0x08012638   0x08012638   0x000000dc   Code   RO          364    .text.alarm_check_channel  alarm_app.o
    0x08012714   0x08012714   0x000000e0   Code   RO          368    .text.alarm_commit  alarm_app.o
    0x080127f4   0x080127f4   0x00000050   Code   RO         2371    .text.before_cycle_counter_reconfiguration  perf_counter.o
    0x08012844   0x08012844   0x00000024   Code   RO          193    .text.bsp_adc_disable_for_deepsleep  adc_driver.o
    0x08012868   0x08012868   0x0000012c   Code   RO          191    .text.bsp_adc_init  adc_driver.o
    0x08012994   0x08012994   0x0000004e   Code   RO           66    .text.bsp_btn_init  key_driver.o
    0x080129e2   0x080129e2   0x00000002   PAD
    0x080129e4   0x080129e4   0x00000030   Code   RO          205    .text.bsp_dac_disable_for_deepsleep  dac_driver.o
    0x08012a14   0x08012a14   0x00000060   Code   RO          203    .text.bsp_dac_init  dac_driver.o
    0x08012a74   0x08012a74   0x000000a8   Code   RO          237    .text.bsp_enter_deepsleep_for_seconds  power_driver.o
    0x08012b1c   0x08012b1c   0x00000044   Code   RO          156    .text.bsp_gd30ad3344_disable_for_deepsleep  gd30ad3344_driver.o
    0x08012b60   0x08012b60   0x000000a8   Code   RO          154    .text.bsp_gd30ad3344_init  gd30ad3344_driver.o
    0x08012c08   0x08012c08   0x00000118   Code   RO          233    .text.bsp_gpio_enter_deepsleep_state  power_driver.o
    0x08012d20   0x08012d20   0x00000058   Code   RO           58    .text.bsp_led_init  led_driver.o
    0x08012d78   0x08012d78   0x0000003a   Code   RO           97    .text.bsp_oled_disable_for_deepsleep  oled_driver.o
    0x08012db2   0x08012db2   0x00000002   PAD
    0x08012db4   0x08012db4   0x0000010e   Code   RO           95    .text.bsp_oled_init  oled_driver.o
    0x08012ec2   0x08012ec2   0x00000002   PAD
    0x08012ec4   0x08012ec4   0x000000dc   Code   RO          215    .text.bsp_rtc_init  rtc_driver.o
    0x08012fa0   0x08012fa0   0x00000072   Code   RO          217    .text.bsp_rtc_wakeup_config  rtc_driver.o
    0x08013012   0x08013012   0x00000002   PAD
    0x08013014   0x08013014   0x00000028   Code   RO          219    .text.bsp_rtc_wakeup_deconfig  rtc_driver.o
    0x0801303c   0x0801303c   0x0000012c   Code   RO           79    .text.bsp_usart1_init  uart_driver.o
    0x08013168   0x08013168   0x00000036   Code   RO           81    .text.bsp_usart_disable_for_deepsleep  uart_driver.o
    0x0801319e   0x0801319e   0x00000002   PAD
    0x080131a0   0x080131a0   0x00000004   Code   RO           77    .text.bsp_usart_init  uart_driver.o
    0x080131a4   0x080131a4   0x0000000e   Code   RO           83    .text.bsp_usart_reinit_after_wakeup  uart_driver.o
    0x080131b2   0x080131b2   0x00000002   PAD
    0x080131b4   0x080131b4   0x00000048   Code   RO           68    .text.bsp_wkup_key_exti_init  key_driver.o
    0x080131fc   0x080131fc   0x000000a0   Code   RO          370    .text.cimc_alarm_build_query_response  alarm_app.o
    0x0801329c   0x0801329c   0x000000b4   Code   RO          366    .text.cimc_alarm_clear_records  alarm_app.o
    0x08013350   0x08013350   0x000000f6   Code   RO          358    .text.cimc_alarm_init  alarm_app.o
    0x08013446   0x08013446   0x00000002   PAD
    0x08013448   0x08013448   0x00000030   Code   RO          360    .text.cimc_alarm_set_active_mode  alarm_app.o
    0x08013478   0x08013478   0x00000052   Code   RO          362    .text.cimc_alarm_task  alarm_app.o
    0x080134ca   0x080134ca   0x00000002   PAD
    0x080134cc   0x080134cc   0x00000040   Code   RO          430    .text.cimc_data_auto_report_is_due  data_app.o
    0x0801350c   0x0801350c   0x0000000c   Code   RO          428    .text.cimc_data_auto_report_is_running  data_app.o
    0x08013518   0x08013518   0x00000022   Code   RO          424    .text.cimc_data_auto_report_start  data_app.o
    0x0801353a   0x0801353a   0x00000002   PAD
    0x0801353c   0x0801353c   0x0000000e   Code   RO          426    .text.cimc_data_auto_report_stop  data_app.o
    0x0801354a   0x0801354a   0x00000002   PAD
    0x0801354c   0x0801354c   0x0000006e   Code   RO          432    .text.cimc_data_build_auto_report_payload  data_app.o
    0x080135ba   0x080135ba   0x00000002   PAD
    0x080135bc   0x080135bc   0x0000000a   Code   RO          420    .text.cimc_data_float_from_be  data_app.o
    0x080135c6   0x080135c6   0x00000002   PAD
    0x080135c8   0x080135c8   0x0000000a   Code   RO          418    .text.cimc_data_float_to_be  data_app.o
    0x080135d2   0x080135d2   0x00000002   PAD
    0x080135d4   0x080135d4   0x0000000e   Code   RO          404    .text.cimc_data_get_ch0_threshold  data_app.o
    0x080135e2   0x080135e2   0x00000002   PAD
    0x080135e4   0x080135e4   0x00000024   Code   RO          392    .text.cimc_data_get_ch0_value  data_app.o
    0x08013608   0x08013608   0x0000000e   Code   RO          406    .text.cimc_data_get_ch1_threshold  data_app.o
    0x08013616   0x08013616   0x00000002   PAD
    0x08013618   0x08013618   0x00000024   Code   RO          394    .text.cimc_data_get_ch1_value  data_app.o
    0x0801363c   0x0801363c   0x0000000e   Code   RO          396    .text.cimc_data_get_ch2_value  data_app.o
    0x0801364a   0x0801364a   0x00000002   PAD
    0x0801364c   0x0801364c   0x00000094   Code   RO          390    .text.cimc_data_init  data_app.o
    0x080136e0   0x080136e0   0x00000048   Code   RO          408    .text.cimc_data_set_ch0_ratio  data_app.o
    0x08013728   0x08013728   0x00000050   Code   RO          412    .text.cimc_data_set_ch0_threshold  data_app.o
    0x08013778   0x08013778   0x00000050   Code   RO          410    .text.cimc_data_set_ch1_ratio  data_app.o
    0x080137c8   0x080137c8   0x00000050   Code   RO          414    .text.cimc_data_set_ch1_threshold  data_app.o
    0x08013818   0x08013818   0x0000003c   Code   RO          416    .text.cimc_data_set_dac_raw  data_app.o
    0x08013854   0x08013854   0x00000028   Code   RO          422    .text.cimc_data_set_report_interval_code  data_app.o
    0x0801387c   0x0801387c   0x00000164   Code   RO          398    .text.cimc_data_update_ch2_value  data_app.o
    0x080139e0   0x080139e0   0x0000000a   Code   RO          453    .text.cimc_param_get  param_app.o
    0x080139ea   0x080139ea   0x00000002   PAD
    0x080139ec   0x080139ec   0x0000000c   Code   RO          455    .text.cimc_param_get_dac_raw  param_app.o
    0x080139f8   0x080139f8   0x00000152   Code   RO          451    .text.cimc_param_init  param_app.o
    0x08013b4a   0x08013b4a   0x00000002   PAD
    0x08013b4c   0x08013b4c   0x00000044   Code   RO          461    .text.cimc_param_update_baud_code  param_app.o
    0x08013b90   0x08013b90   0x00000110   Code   RO          465    .text.cimc_param_update_dac_raw  param_app.o
    0x08013ca0   0x08013ca0   0x00000034   Code   RO          463    .text.cimc_param_update_data  param_app.o
    0x08013cd4   0x08013cd4   0x00000042   Code   RO          457    .text.cimc_param_update_device_id  param_app.o
    0x08013d16   0x08013d16   0x00000002   PAD
    0x08013d18   0x08013d18   0x00000020   Code   RO          249    .text.cimc_protocol_init  system_protocol.o
    0x08013d38   0x08013d38   0x000000a8   Code   RO          259    .text.cimc_protocol_process_bytes  system_protocol.o
    0x08013de0   0x08013de0   0x000000d8   Code   RO          251    .text.cimc_protocol_send_frame  system_protocol.o
    0x08013eb8   0x08013eb8   0x0000000e   Code   RO          257    .text.cimc_protocol_send_heartbeat  system_protocol.o
    0x08013ec6   0x08013ec6   0x00000002   PAD
    0x08013ec8   0x08013ec8   0x000007c0   Code   RO          261    .text.cimc_protocol_task  system_protocol.o
    0x08014688   0x08014688   0x00000028   Code   RO          490    .text.cimc_system_apply_baud_rate  system_app.o
    0x080146b0   0x080146b0   0x0000001a   Code   RO          488    .text.cimc_system_baud_code_to_value  system_app.o
    0x080146ca   0x080146ca   0x00000002   PAD
    0x080146cc   0x080146cc   0x0000001a   Code   RO          500    .text.cimc_system_enter_sleep_and_report_wakeup  system_app.o
    0x080146e6   0x080146e6   0x00000002   PAD
    0x080146e8   0x080146e8   0x0000000a   Code   RO          486    .text.cimc_system_get_baud_code  system_app.o
    0x080146f2   0x080146f2   0x00000002   PAD
    0x080146f4   0x080146f4   0x00000032   Code   RO          484    .text.cimc_system_get_time  system_app.o
    0x08014726   0x08014726   0x00000002   PAD
    0x08014728   0x08014728   0x0000023e   Code   RO          480    .text.cimc_system_init  system_app.o
    0x08014966   0x08014966   0x00000002   PAD
    0x08014968   0x08014968   0x00000004   Code   RO          496    .text.cimc_system_reboot  system_app.o
    0x0801496c   0x0801496c   0x0000016c   Code   RO          492    .text.cimc_system_request_bootloader_upgrade  system_app.o
    0x08014ad8   0x08014ad8   0x00000200   Code   RO          482    .text.cimc_system_set_time  system_app.o
    0x08014cd8   0x08014cd8   0x0000001e   Code   RO          764    .text.dac_data_set  gd32f4xx_dac.o
    0x08014cf6   0x08014cf6   0x00000002   PAD
    0x08014cf8   0x08014cf8   0x00000024   Code   RO          748    .text.dac_deinit    gd32f4xx_dac.o
    0x08014d1c   0x08014d1c   0x0000001a   Code   RO          752    .text.dac_disable   gd32f4xx_dac.o
    0x08014d36   0x08014d36   0x00000002   PAD
    0x08014d38   0x08014d38   0x0000001a   Code   RO          756    .text.dac_dma_disable  gd32f4xx_dac.o
    0x08014d52   0x08014d52   0x00000002   PAD
    0x08014d54   0x08014d54   0x00000018   Code   RO          750    .text.dac_enable    gd32f4xx_dac.o
    0x08014d6c   0x08014d6c   0x0000001a   Code   RO          768    .text.dac_trigger_disable  gd32f4xx_dac.o
    0x08014d86   0x08014d86   0x00000002   PAD
    0x08014d88   0x08014d88   0x00000024   Code   RO          774    .text.dac_wave_mode_config  gd32f4xx_dac.o
    0x08014dac   0x08014dac   0x00000014   Code   RO           45    .text.delay_1ms     systick.o
    0x08014dc0   0x08014dc0   0x00000018   Code   RO           47    .text.delay_decrement  systick.o
    0x08014dd8   0x08014dd8   0x00000012   Code   RO          924    .text.dma_channel_disable  gd32f4xx_dma.o
    0x08014dea   0x08014dea   0x00000002   PAD
    0x08014dec   0x08014dec   0x00000012   Code   RO          922    .text.dma_channel_enable  gd32f4xx_dma.o
    0x08014dfe   0x08014dfe   0x00000002   PAD
    0x08014e00   0x08014e00   0x00000016   Code   RO          932    .text.dma_channel_subperipheral_select  gd32f4xx_dma.o
    0x08014e16   0x08014e16   0x00000002   PAD
    0x08014e18   0x08014e18   0x00000012   Code   RO          920    .text.dma_circulation_disable  gd32f4xx_dma.o
    0x08014e2a   0x08014e2a   0x00000002   PAD
    0x08014e2c   0x08014e2c   0x00000012   Code   RO          918    .text.dma_circulation_enable  gd32f4xx_dma.o
    0x08014e3e   0x08014e3e   0x00000002   PAD
    0x08014e40   0x08014e40   0x0000004e   Code   RO          886    .text.dma_deinit    gd32f4xx_dma.o
    0x08014e8e   0x08014e8e   0x00000002   PAD
    0x08014e90   0x08014e90   0x00000036   Code   RO          942    .text.dma_flag_clear  gd32f4xx_dma.o
    0x08014ec6   0x08014ec6   0x00000002   PAD
    0x08014ec8   0x08014ec8   0x00000028   Code   RO          940    .text.dma_flag_get  gd32f4xx_dma.o
    0x08014ef0   0x08014ef0   0x00000014   Code   RO          898    .text.dma_memory_address_config  gd32f4xx_dma.o
    0x08014f04   0x08014f04   0x00000086   Code   RO          892    .text.dma_single_data_mode_init  gd32f4xx_dma.o
    0x08014f8a   0x08014f8a   0x00000002   PAD
    0x08014f8c   0x08014f8c   0x00000018   Code   RO          888    .text.dma_single_data_para_struct_init  gd32f4xx_dma.o
    0x08014fa4   0x08014fa4   0x0000000c   Code   RO          900    .text.dma_transfer_number_config  gd32f4xx_dma.o
    0x08014fb0   0x08014fb0   0x0000000c   Code   RO          902    .text.dma_transfer_number_get  gd32f4xx_dma.o
    0x08014fbc   0x08014fbc   0x0000009c   Code   RO         1258    .text.exti_init     gd32f4xx_exti.o
    0x08015058   0x08015058   0x0000000c   Code   RO         1278    .text.exti_interrupt_flag_clear  gd32f4xx_exti.o
    0x08015064   0x08015064   0x00000012   Code   RO         1276    .text.exti_interrupt_flag_get  gd32f4xx_exti.o
    0x08015076   0x08015076   0x00000002   PAD
    0x08015078   0x08015078   0x00000248   Code   RO          372    .text.format_entry  alarm_app.o
    0x080152c0   0x080152c0   0x000000a4   Code   RO         2367    .text.get_system_ticks  perf_counter.o
    0x08015364   0x08015364   0x0000006e   Code   RO         1420    .text.gpio_af_set   gd32f4xx_gpio.o
    0x080153d2   0x080153d2   0x00000002   PAD
    0x080153d4   0x080153d4   0x00000004   Code   RO         1406    .text.gpio_bit_reset  gd32f4xx_gpio.o
    0x080153d8   0x080153d8   0x00000004   Code   RO         1404    .text.gpio_bit_set  gd32f4xx_gpio.o
    0x080153dc   0x080153dc   0x00000054   Code   RO         1400    .text.gpio_mode_set  gd32f4xx_gpio.o
    0x08015430   0x08015430   0x00000046   Code   RO         1402    .text.gpio_output_options_set  gd32f4xx_gpio.o
    0x08015476   0x08015476   0x00000002   PAD
    0x08015478   0x08015478   0x0000000c   Code   RO         1444    .text.i2c_ack_config  gd32f4xx_i2c.o
    0x08015484   0x08015484   0x000000d6   Code   RO         1438    .text.i2c_clock_config  gd32f4xx_i2c.o
    0x0801555a   0x0801555a   0x00000002   PAD
    0x0801555c   0x0801555c   0x00000048   Code   RO         1436    .text.i2c_deinit    gd32f4xx_i2c.o
    0x080155a4   0x080155a4   0x0000000a   Code   RO         1456    .text.i2c_disable   gd32f4xx_i2c.o
    0x080155ae   0x080155ae   0x00000002   PAD
    0x080155b0   0x080155b0   0x0000000c   Code   RO         1466    .text.i2c_dma_config  gd32f4xx_i2c.o
    0x080155bc   0x080155bc   0x0000000a   Code   RO         1454    .text.i2c_enable    gd32f4xx_i2c.o
    0x080155c6   0x080155c6   0x00000002   PAD
    0x080155c8   0x080155c8   0x00000026   Code   RO         1502    .text.i2c_flag_clear  gd32f4xx_i2c.o
    0x080155ee   0x080155ee   0x00000002   PAD
    0x080155f0   0x080155f0   0x00000010   Code   RO         1500    .text.i2c_flag_get  gd32f4xx_i2c.o
    0x08015600   0x08015600   0x0000000e   Code   RO         1448    .text.i2c_master_addressing  gd32f4xx_i2c.o
    0x0801560e   0x0801560e   0x00000002   PAD
    0x08015610   0x08015610   0x0000001a   Code   RO         1440    .text.i2c_mode_addr_config  gd32f4xx_i2c.o
    0x0801562a   0x0801562a   0x00000002   PAD
    0x0801562c   0x0801562c   0x0000000a   Code   RO         1458    .text.i2c_start_on_bus  gd32f4xx_i2c.o
    0x08015636   0x08015636   0x00000002   PAD
    0x08015638   0x08015638   0x0000000a   Code   RO         1460    .text.i2c_stop_on_bus  gd32f4xx_i2c.o
    0x08015642   0x08015642   0x00000002   PAD
    0x08015644   0x08015644   0x00000076   Code   RO          279    .text.led_task      led_app.o
    0x080156ba   0x080156ba   0x00000002   PAD
    0x080156bc   0x080156bc   0x0000006a   Code   RO           34    .text.main          main.o
    0x08015726   0x08015726   0x00000002   PAD
    0x08015728   0x08015728   0x0000002a   Code   RO         1606    .text.nvic_irq_disable  gd32f4xx_misc.o
    0x08015752   0x08015752   0x00000002   PAD
    0x08015754   0x08015754   0x00000092   Code   RO         1604    .text.nvic_irq_enable  gd32f4xx_misc.o
    0x080157e6   0x080157e6   0x00000002   PAD
    0x080157e8   0x080157e8   0x0000001c   Code   RO         1608    .text.nvic_vector_table_set  gd32f4xx_misc.o
    0x08015804   0x08015804   0x00000034   Code   RO          297    .text.oled_printf_16  oled_app.o
    0x08015838   0x08015838   0x00000018   Code   RO          295    .text.oled_show_bootloader_status  oled_app.o
    0x08015850   0x08015850   0x00000078   Code   RO          299    .text.oled_task     oled_app.o
    0x080158c8   0x080158c8   0x0000012c   Code   RO          459    .text.param_commit  param_app.o
    0x080159f4   0x080159f4   0x00000014   Code   RO         2389    .text.perfc_convert_ticks_to_ms  perf_counter.o
    0x08015a08   0x08015a08   0x0000005e   Code   RO         2385    .text.perfc_delay_ms  perf_counter.o
    0x08015a66   0x08015a66   0x00000002   PAD
    0x08015a68   0x08015a68   0x00000004   Code   RO         2383    .text.perfc_delay_ms_user_code_in_loop  perf_counter.o
    0x08015a6c   0x08015a6c   0x00000036   Code   RO         2369    .text.perfc_init    perf_counter.o
    0x08015aa2   0x08015aa2   0x00000002   PAD
    0x08015aa4   0x08015aa4   0x0000000e   Code   RO         2457    .text.perfc_port_clear_system_timer_counter  perfc_port_default.o
    0x08015ab2   0x08015ab2   0x00000002   PAD
    0x08015ab4   0x08015ab4   0x00000010   Code   RO         2453    .text.perfc_port_clear_system_timer_ovf_pending  perfc_port_default.o
    0x08015ac4   0x08015ac4   0x00000018   Code   RO         2451    .text.perfc_port_get_system_timer_elapsed  perfc_port_default.o
    0x08015adc   0x08015adc   0x0000000c   Code   RO         2445    .text.perfc_port_get_system_timer_freq  perfc_port_default.o
    0x08015ae8   0x08015ae8   0x0000000e   Code   RO         2449    .text.perfc_port_get_system_timer_top  perfc_port_default.o
    0x08015af6   0x08015af6   0x00000002   PAD
    0x08015af8   0x08015af8   0x00000038   Code   RO         2443    .text.perfc_port_init_system_timer  perfc_port_default.o
    0x08015b30   0x08015b30   0x0000002c   Code   RO         2359    .text.perfc_port_insert_to_system_timer_insert_ovf_handler  perf_counter.o
    0x08015b5c   0x08015b5c   0x00000010   Code   RO         2447    .text.perfc_port_is_system_timer_ovf_pending  perfc_port_default.o
    0x08015b6c   0x08015b6c   0x00000012   Code   RO         2455    .text.perfc_port_stop_system_timer_counting  perfc_port_default.o
    0x08015b7e   0x08015b7e   0x00000002   PAD
    0x08015b80   0x08015b80   0x00000012   Code   RO         1660    .text.pmu_backup_write_enable  gd32f4xx_pmu.o
    0x08015b92   0x08015b92   0x00000002   PAD
    0x08015b94   0x08015b94   0x0000001e   Code   RO         1664    .text.pmu_flag_clear  gd32f4xx_pmu.o
    0x08015bb2   0x08015bb2   0x00000002   PAD
    0x08015bb4   0x08015bb4   0x000000fa   Code   RO         1650    .text.pmu_to_deepsleepmode  gd32f4xx_pmu.o
    0x08015cae   0x08015cae   0x00000002   PAD
    0x08015cb0   0x08015cb0   0x00000012   Code   RO         1762    .text.rcu_all_reset_flag_clear  gd32f4xx_rcu.o
    0x08015cc2   0x08015cc2   0x00000002   PAD
    0x08015cc4   0x08015cc4   0x000000bc   Code   RO         1760    .text.rcu_clock_freq_get  gd32f4xx_rcu.o
    0x08015d80   0x08015d80   0x0000001a   Code   RO         1734    .text.rcu_flag_get  gd32f4xx_rcu.o
    0x08015d9a   0x08015d9a   0x00000002   PAD
    0x08015d9c   0x08015d9c   0x0000001e   Code   RO         1736    .text.rcu_osci_on   gd32f4xx_rcu.o
    0x08015dba   0x08015dba   0x00000002   PAD
    0x08015dbc   0x08015dbc   0x000001c4   Code   RO         1680    .text.rcu_osci_stab_wait  gd32f4xx_rcu.o
    0x08015f80   0x08015f80   0x0000001e   Code   RO         1682    .text.rcu_periph_clock_enable  gd32f4xx_rcu.o
    0x08015f9e   0x08015f9e   0x00000002   PAD
    0x08015fa0   0x08015fa0   0x00000020   Code   RO         1692    .text.rcu_periph_reset_disable  gd32f4xx_rcu.o
    0x08015fc0   0x08015fc0   0x0000001e   Code   RO         1690    .text.rcu_periph_reset_enable  gd32f4xx_rcu.o
    0x08015fde   0x08015fde   0x00000002   PAD
    0x08015fe0   0x08015fe0   0x00000014   Code   RO         1718    .text.rcu_rtc_clock_config  gd32f4xx_rcu.o
    0x08015ff4   0x08015ff4   0x00000062   Code   RO          325    .text.rs485_send_bytes  usart_app.o
    0x08016056   0x08016056   0x00000002   PAD
    0x08016058   0x08016058   0x0000005c   Code   RO         1791    .text.rtc_current_time_get  gd32f4xx_rtc.o
    0x080160b4   0x080160b4   0x00000012   Code   RO         1829    .text.rtc_flag_clear  gd32f4xx_rtc.o
    0x080160c6   0x080160c6   0x00000002   PAD
    0x080160c8   0x080160c8   0x00000012   Code   RO         1827    .text.rtc_flag_get  gd32f4xx_rtc.o
    0x080160da   0x080160da   0x00000002   PAD
    0x080160dc   0x080160dc   0x0000010c   Code   RO         1787    .text.rtc_init      gd32f4xx_rtc.o
    0x080161e8   0x080161e8   0x00000034   Code   RO         1825    .text.rtc_interrupt_disable  gd32f4xx_rtc.o
    0x0801621c   0x0801621c   0x0000002e   Code   RO         1823    .text.rtc_interrupt_enable  gd32f4xx_rtc.o
    0x0801624a   0x0801624a   0x00000002   PAD
    0x0801624c   0x0801624c   0x0000004c   Code   RO         1785    .text.rtc_register_sync_wait  gd32f4xx_rtc.o
    0x08016298   0x08016298   0x0000000c   Code   RO          342    .text.rtc_task      rtc_app.o
    0x080162a4   0x080162a4   0x00000048   Code   RO         1851    .text.rtc_wakeup_clock_set  gd32f4xx_rtc.o
    0x080162ec   0x080162ec   0x00000042   Code   RO         1849    .text.rtc_wakeup_disable  gd32f4xx_rtc.o
    0x0801632e   0x0801632e   0x00000002   PAD
    0x08016330   0x08016330   0x00000022   Code   RO         1847    .text.rtc_wakeup_enable  gd32f4xx_rtc.o
    0x08016352   0x08016352   0x00000002   PAD
    0x08016354   0x08016354   0x00000040   Code   RO         1853    .text.rtc_wakeup_timer_set  gd32f4xx_rtc.o
    0x08016394   0x08016394   0x0000000e   Code   RO          311    .text.scheduler_init  scheduler.o
    0x080163a2   0x080163a2   0x00000002   PAD
    0x080163a4   0x080163a4   0x0000004e   Code   RO          313    .text.scheduler_run  scheduler.o
    0x080163f2   0x080163f2   0x00000002   PAD
    0x080163f4   0x080163f4   0x0000001e   Code   RO          263    .text.send_auto_report_frame  system_protocol.o
    0x08016412   0x08016412   0x00000002   PAD
    0x08016414   0x08016414   0x0000000a   Code   RO         1881    .text.spi_disable   gd32f4xx_spi.o
    0x0801641e   0x0801641e   0x00000002   PAD
    0x08016420   0x08016420   0x00000016   Code   RO         1901    .text.spi_dma_disable  gd32f4xx_spi.o
    0x08016436   0x08016436   0x00000002   PAD
    0x08016438   0x08016438   0x00000012   Code   RO         1899    .text.spi_dma_enable  gd32f4xx_spi.o
    0x0801644a   0x0801644a   0x00000002   PAD
    0x0801644c   0x0801644c   0x0000000a   Code   RO         1879    .text.spi_enable    gd32f4xx_spi.o
    0x08016456   0x08016456   0x00000002   PAD
    0x08016458   0x08016458   0x0000011e   Code   RO          169    .text.spi_gd30ad3344_send_halfword_dma  gd30ad3344.o
    0x08016576   0x08016576   0x00000002   PAD
    0x08016578   0x08016578   0x00000034   Code   RO         1877    .text.spi_init      gd32f4xx_spi.o
    0x080165ac   0x080165ac   0x00000084   Code   RO         1965    .text.syscfg_exti_line_config  gd32f4xx_syscfg.o
    0x08016630   0x08016630   0x0000004a   Code   RO           43    .text.systick_config  systick.o
    0x0801667a   0x0801667a   0x00000002   PAD
    0x0801667c   0x0801667c   0x0000000a   Code   RO         1989    .text.timer_disable  gd32f4xx_timer.o
    0x08016686   0x08016686   0x00000002   PAD
    0x08016688   0x08016688   0x0000003e   Code   RO          329    .text.uart_task     usart_app.o
    0x080166c6   0x080166c6   0x00000002   PAD
    0x080166c8   0x080166c8   0x000000b0   Code   RO         2365    .text.update_perf_counter  perf_counter.o
    0x08016778   0x08016778   0x000000be   Code   RO         2221    .text.usart_baudrate_set  gd32f4xx_usart.o
    0x08016836   0x08016836   0x00000002   PAD
    0x08016838   0x08016838   0x00000008   Code   RO         2253    .text.usart_data_receive  gd32f4xx_usart.o
    0x08016840   0x08016840   0x00000008   Code   RO         2251    .text.usart_data_transmit  gd32f4xx_usart.o
    0x08016848   0x08016848   0x000000c8   Code   RO         2219    .text.usart_deinit  gd32f4xx_usart.o
    0x08016910   0x08016910   0x0000000a   Code   RO         2231    .text.usart_disable  gd32f4xx_usart.o
    0x0801691a   0x0801691a   0x00000002   PAD
    0x0801691c   0x0801691c   0x00000014   Code   RO         2313    .text.usart_dma_receive_config  gd32f4xx_usart.o
    0x08016930   0x08016930   0x0000000a   Code   RO         2229    .text.usart_enable  gd32f4xx_usart.o
    0x0801693a   0x0801693a   0x00000002   PAD
    0x0801693c   0x0801693c   0x00000010   Code   RO         2317    .text.usart_flag_get  gd32f4xx_usart.o
    0x0801694c   0x0801694c   0x00000018   Code   RO         2323    .text.usart_interrupt_disable  gd32f4xx_usart.o
    0x08016964   0x08016964   0x00000016   Code   RO         2321    .text.usart_interrupt_enable  gd32f4xx_usart.o
    0x0801697a   0x0801697a   0x00000002   PAD
    0x0801697c   0x0801697c   0x00000022   Code   RO         2325    .text.usart_interrupt_flag_get  gd32f4xx_usart.o
    0x0801699e   0x0801699e   0x00000002   PAD
    0x080169a0   0x080169a0   0x0000000c   Code   RO         2235    .text.usart_receive_config  gd32f4xx_usart.o
    0x080169ac   0x080169ac   0x0000000c   Code   RO         2233    .text.usart_transmit_config  gd32f4xx_usart.o
    0x080169b8   0x080169b8   0x0000000a   Ven    RO         2863    Veneer$$Code        anon$$obj.o
    0x080169c2   0x080169c2   0x0000000a   Ven    RO         2864    Veneer$$Code        anon$$obj.o
    0x080169cc   0x080169cc   0x0000000a   Ven    RO         2865    Veneer$$Code        anon$$obj.o
    0x080169d6   0x080169d6   0x00000002   PAD
    0x080169d8   0x080169d8   0x00000034   Code   RO         2757    i.__0snprintf       mc_w.l(printfa.o)
    0x08016a0c   0x08016a0c   0x00000034   Code   RO         2761    i.__0vsnprintf      mc_w.l(printfa.o)
    0x08016a40   0x08016a40   0x0000003a   Code   RO         2498    i.__hardfp_sqrtf    m_wm.l(sqrtf.o)
    0x08016a7a   0x08016a7a   0x0000000e   Code   RO         2857    i.__scatterload_copy  mc_w.l(handlers.o)
    0x08016a88   0x08016a88   0x00000002   Code   RO         2858    i.__scatterload_null  mc_w.l(handlers.o)
    0x08016a8a   0x08016a8a   0x0000000e   Code   RO         2859    i.__scatterload_zeroinit  mc_w.l(handlers.o)
    0x08016a98   0x08016a98   0x0000000c   Code   RO         2823    i.__set_errno       mc_w.l(errno.o)
    0x08016aa4   0x08016aa4   0x00000184   Code   RO         2763    i._fp_digits        mc_w.l(printfa.o)
    0x08016c28   0x08016c28   0x000006dc   Code   RO         2764    i._printf_core      mc_w.l(printfa.o)
    0x08017304   0x08017304   0x00000024   Code   RO         2765    i._printf_post_padding  mc_w.l(printfa.o)
    0x08017328   0x08017328   0x0000002e   Code   RO         2766    i._printf_pre_padding  mc_w.l(printfa.o)
    0x08017356   0x08017356   0x00000016   Code   RO         2767    i._snputc           mc_w.l(printfa.o)
    0x0801736c   0x0801736c   0x0000001c   Data   RO          182    .rodata..Lswitch.table.GD30AD3344_AD_Read  gd30ad3344.o
    0x08017388   0x08017388   0x00000228   Data   RO          140    .rodata.F6X8        oled.o
    0x080175b0   0x080175b0   0x000005f0   Data   RO          145    .rodata.F8X16       oled.o
    0x08017ba0   0x08017ba0   0x0000000c   Data   RO          506    .rodata.cimc_days_in_month.month_days  system_app.o
    0x08017bac   0x08017bac   0x00000014   Data   RO          505    .rodata.cimc_system_enter_sleep_and_report_wakeup.wakeup_text  system_app.o
    0x08017bc0   0x08017bc0   0x00000010   Data   RO          507    .rodata.cst16       system_app.o
    0x08017bd0   0x08017bd0   0x00000008   Data   RO         1772    .rodata.cst8        gd32f4xx_rcu.o
    0x08017bd8   0x08017bd8   0x00000058   Data   RO          442    .rodata.s_ch2_r_cal_table  data_app.o
    0x08017c30   0x08017c30   0x00000011   Data   RO          268    .rodata.str1.1      system_protocol.o
    0x08017c41   0x08017c41   0x0000000e   Data   RO          381    .rodata.str1.1      alarm_app.o
    0x08017c4f   0x08017c4f   0x00000001   PAD
    0x08017c50   0x08017c50   0x00000030   Data   RO         2856    Region$$Table       anon$$obj.o
    0x08017c80   0x08017c80   0x00000004   Data   RO         2434    .init_array         perf_counter.o
    0x08017c84   0x08017c80   0x00000000   Data   RO         2785    .init_array         mc_w.l(cpp_init.o)


    Execution Region RW_IRAM1 (Exec base: 0x20000000, Load base: 0x08017c88, Size: 0x00005498, Max: 0x00020000, ABSOLUTE)

    Exec Addr    Load Addr    Size         Type   Attr      Idx    E Section Name        Object

    0x20000000   0x08017c88   0x00000004   Data   RW         2824    .data               mc_w.l(errno.o)
    0x20000004   0x08017c8c   0x00000004   Data   RW         2490    .data.SystemCoreClock  system_gd32f4xx.o
    0x20000008   0x08017c90   0x00000016   Data   RW          144    .data.initcmd1      oled.o
    0x2000001e   0x08017ca6   0x00000002   Data   RW          100    .data.oled_data_buf  oled_driver.o
    0x20000020   0x08017ca8   0x00000001   Data   RW          302    .data.oled_task.last_auto_report  oled_app.o
    0x20000021   0x08017ca9   0x00000001   Data   RW          377    .data.s_alarm_mode  alarm_app.o
    0x20000022   0x08017caa   0x00000002   PAD
    0x20000024   0x08017cac   0x00000004   Data   RW          434    .data.s_ch0_ratio   data_app.o
    0x20000028   0x08017cb0   0x00000004   Data   RW          436    .data.s_ch0_threshold  data_app.o
    0x2000002c   0x08017cb4   0x00000004   Data   RW          435    .data.s_ch1_ratio   data_app.o
    0x20000030   0x08017cb8   0x00000004   Data   RW          437    .data.s_ch1_threshold  data_app.o
    0x20000034   0x08017cbc   0x00000002   Data   RW          265    .data.s_device_id   system_protocol.o
    0x20000036   0x08017cbe   0x00000001   Data   RW          143    .data.s_oled_available  oled.o
    0x20000037   0x08017cbf   0x00000001   PAD
    0x20000038   0x08017cc0   0x00000004   Data   RW          439    .data.s_report_interval_ms  data_app.o
    0x2000003c   0x08017cc4   0x00000004   Data   RW           85    .data.s_usart1_baudrate  uart_driver.o
    0x20000040   0x08017cc8   0x0000003c   Data   RW          316    .data.scheduler_task  scheduler.o
    0x2000007c   0x08017d04   0x00000004   PAD
    0x20000080        -       0x00000002   Zero   RW          181    .bss.GD30AD3344_InitStruct  gd30ad3344.o
    0x20000082   0x08017d04   0x00000006   PAD
    0x20000088        -       0x00000020   Zero   RW         2433    .bss.PERFC          perf_counter.o
    0x200000a8        -       0x00000004   Zero   RW          223    .bss.RTCSRC_FLAG    rtc_driver.o
    0x200000ac        -       0x00000004   Zero   RW          195    .bss.adc_value      adc_driver.o
    0x200000b0        -       0x00000002   Zero   RW          207    .bss.convertarr     dac_driver.o
    0x200000b2   0x08017d04   0x00000002   PAD
    0x200000b4        -       0x00000004   Zero   RW           49    .bss.delay          systick.o
    0x200000b8        -       0x00000004   Zero   RW         2431    .bss.g_nOffset      perf_counter.o
    0x200000bc        -       0x00000001   Zero   RW          283    .bss.led_task.initialized  led_app.o
    0x200000bd   0x08017d04   0x00000003   PAD
    0x200000c0        -       0x00000004   Zero   RW          284    .bss.led_task.last_toggle_ms  led_app.o
    0x200000c4        -       0x00000002   Zero   RW           99    .bss.oled_cmd_buf   oled_driver.o
    0x200000c6        -       0x00000001   Zero   RW          301    .bss.oled_task.initialized  oled_app.o
    0x200000c7   0x08017d04   0x00000001   PAD
    0x200000c8        -       0x00000004   Zero   RW         1666    .bss.pmu_to_deepsleepmode.reg_snap.0  gd32f4xx_pmu.o
    0x200000cc        -       0x00000004   Zero   RW         1667    .bss.pmu_to_deepsleepmode.reg_snap.1  gd32f4xx_pmu.o
    0x200000d0        -       0x00000004   Zero   RW         1668    .bss.pmu_to_deepsleepmode.reg_snap.2  gd32f4xx_pmu.o
    0x200000d4        -       0x00000004   Zero   RW         1669    .bss.pmu_to_deepsleepmode.reg_snap.3  gd32f4xx_pmu.o
    0x200000d8        -       0x00000004   Zero   RW          221    .bss.prescaler_a    rtc_driver.o
    0x200000dc        -       0x00000004   Zero   RW          222    .bss.prescaler_s    rtc_driver.o
    0x200000e0        -       0x00000001   Zero   RW          331    .bss.rs485_rx_flag  usart_app.o
    0x200000e1   0x08017d04   0x00000003   PAD
    0x200000e4        -       0x00000100   Zero   RW          333    .bss.rs485_uart_dma_buffer  usart_app.o
    0x200001e4        -       0x00000002   Zero   RW          332    .bss.rs485_uart_dma_len  usart_app.o
    0x200001e6   0x08017d04   0x00000002   PAD
    0x200001e8        -       0x00000014   Zero   RW          224    .bss.rtc_initpara   rtc_driver.o
    0x200001fc        -       0x00001000   Zero   RW          380    .bss.s_alarm_page_cache  alarm_app.o
    0x200011fc        -       0x000000b4   Zero   RW          376    .bss.s_alarm_record  alarm_app.o
    0x200012b0        -       0x0000009a   Zero   RW          267    .bss.s_ascii_rx     system_protocol.o
    0x2000134a        -       0x00000002   Zero   RW          266    .bss.s_ascii_rx_len  system_protocol.o
    0x2000134c        -       0x00000001   Zero   RW          441    .bss.s_auto_report_running  data_app.o
    0x2000134d   0x08017d04   0x00000003   PAD
    0x20001350        -       0x00001000   Zero   RW          504    .bss.s_bl_param_page_cache  system_app.o
    0x20002350        -       0x00000001   Zero   RW          378    .bss.s_ch0_above    alarm_app.o
    0x20002351        -       0x00000001   Zero   RW          379    .bss.s_ch1_above    alarm_app.o
    0x20002352   0x08017d04   0x00000002   PAD
    0x20002354        -       0x00000004   Zero   RW          438    .bss.s_ch2_temperature  data_app.o
    0x20002358        -       0x00000002   Zero   RW          470    .bss.s_dac_raw      param_app.o
    0x2000235a   0x08017d04   0x00000002   PAD
    0x2000235c        -       0x00000004   Zero   RW          440    .bss.s_last_report_ms  data_app.o
    0x20002360        -       0x00001000   Zero   RW          471    .bss.s_param_page_cache  param_app.o
    0x20003360        -       0x00000014   Zero   RW          469    .bss.s_param_values  param_app.o
    0x20003374        -       0x00000004   Zero   RW          503    .bss.s_time_base_ms  system_app.o
    0x20003378        -       0x00000004   Zero   RW          502    .bss.s_time_base_utc  system_app.o
    0x2000337c        -       0x0000000c   Zero   RW          159    .bss.spi3_receive_array  gd30ad3344_driver.o
    0x20003388        -       0x0000000c   Zero   RW          158    .bss.spi3_send_array  gd30ad3344_driver.o
    0x20003394        -       0x00000001   Zero   RW          315    .bss.task_num       scheduler.o
    0x20003395        -       0x00000100   Zero   RW           86    .bss.usart1_rxbuffer  uart_driver.o
    0x20003495   0x08017d04   0x00000003   PAD
    0x20003498        -       0x00002000   Zero   RW         2476    STACK               startup_gd32f450_470.o


    Execution Region ER_IRAM_FUNC (Exec base: 0x20005498, Load base: 0x08017d08, Size: 0x00000444, Max: 0xffffffff, ABSOLUTE)

    Exec Addr    Load Addr    Size         Type   Attr      Idx    E Section Name        Object

    0x20005498   0x08017d08   0x000000b2   Code   RO          374    .ramfunc            alarm_app.o
    0x2000554a   0x08017dba   0x00000002   PAD
    0x2000554c   0x08017dbc   0x000000b2   Code   RO          467    .ramfunc            param_app.o
    0x200055fe   0x08017e6e   0x00000002   PAD
    0x20005600   0x08017e70   0x000000b2   Code   RO          494    .ramfunc            system_app.o
    0x200056b2   0x08017f22   0x00000002   PAD
    0x200056b4   0x08017f24   0x0000000c   Code   RO         1354    .text.fmc_flag_clear  gd32f4xx_fmc.o
    0x200056c0   0x08017f30   0x00000012   Code   RO         1352    .text.fmc_flag_get  gd32f4xx_fmc.o
    0x200056d2   0x08017f42   0x00000002   PAD
    0x200056d4   0x08017f44   0x00000012   Code   RO         1292    .text.fmc_lock      gd32f4xx_fmc.o
    0x200056e6   0x08017f56   0x00000002   PAD
    0x200056e8   0x08017f58   0x000000e8   Code   RO         1294    .text.fmc_page_erase  gd32f4xx_fmc.o
    0x200057d0   0x08018040   0x00000028   Code   RO         1290    .text.fmc_unlock    gd32f4xx_fmc.o
    0x200057f8   0x08018068   0x000000e4   Code   RO         1306    .text.fmc_word_program  gd32f4xx_fmc.o


==============================================================================

Image component sizes


      Code (inc. data)   RO Data    RW Data    ZI Data      Debug   Object Name

        14          0          0          0          0        429   adc_app.o
       336          0          0          0          4       3032   adc_driver.o
      1922         92         14          1       4278       9534   alarm_app.o
       144          0          0          0          2       2437   dac_driver.o
      1284         52         88         20          9       7262   data_app.o
       558          8         28          0          2       5056   gd30ad3344.o
       236          0          0          0         24       2725   gd30ad3344_driver.o
       540          0          0          0          0      11870   gd32f4xx_adc.o
       204          0          0          0          0       8216   gd32f4xx_dac.o
       468          0          0          0          0      11182   gd32f4xx_dma.o
       186          0          0          0          0       3335   gd32f4xx_exti.o
       548          0          0          0          0      15413   gd32f4xx_fmc.o
       272          0          0          0          0       5430   gd32f4xx_gpio.o
       444          0          0          0          0      11778   gd32f4xx_i2c.o
       246          0          0          0          0       2994   gd32f4xx_it.o
       216          0          0          0          0       6724   gd32f4xx_misc.o
       298          0          0          0         16       6005   gd32f4xx_pmu.o
       826         50          8          0          0      20143   gd32f4xx_rcu.o
       806          0          0          0          0      14004   gd32f4xx_rtc.o
       112          0          0          0          0       9506   gd32f4xx_spi.o
       132          4          0          0          0       3976   gd32f4xx_syscfg.o
        10          0          0          0          0      21467   gd32f4xx_timer.o
       566          0          0          0          0      13526   gd32f4xx_usart.o
       150          0          0          0          0       4873   key_driver.o
       118          0          0          0          5       1412   led_app.o
        88          0          0          0          0       1879   led_driver.o
       106          0          0          0          0       1288   main.o
      1620          0       2072         23          0      11902   oled.o
       196         52          0          1          1       1938   oled_app.o
       328          0          0          2          2       2975   oled_driver.o
      1296          0          0          0       4118       7382   param_app.o
       692          8          4          0         36      17669   perf_counter.o
       170          0          0          0          0       3529   perfc_port_default.o
       448          0          0          0          0       3613   power_driver.o
        12          0          0          0          0        984   rtc_app.o
       374          0          0          0         32       6627   rtc_driver.o
        92          0          0         60          1       1366   scheduler.o
        36          8        428          0       8192        812   startup_gd32f450_470.o
      1820          0         48          0       4104      10210   system_app.o
       692         16          0          4          0       3163   system_gd32f4xx.o
      2444         74         17          2        156       8772   system_protocol.o
       118          0          0          0          4       4593   systick.o
        36         10          0          0          0        604   systick_wrapper_ual.o
       372          0          0          4        256       5648   uart_driver.o
       160          0          0          0        259       2174   usart_app.o

    ----------------------------------------------------------------------
     22004        374       2756        120      21532     299457   Object Totals
        30          0         48          0          0          0   (incl. Generated)
       238          0          1          3         31          0   (incl. Padding)

    ----------------------------------------------------------------------

      Code (inc. data)   RO Data    RW Data    ZI Data      Debug   Library Member Name

        58          0          0          0          0        136   sqrtf.o
        40          8          0          0          0         80   cpp_init.o
         0          0          0          0          0          0   entry.o
         0          0          0          0          0          0   entry10a.o
         0          0          0          0          0          0   entry11a.o
         8          4          0          0          0          0   entry2.o
         4          0          0          0          0          0   entry5.o
         0          0          0          0          0          0   entry7b.o
         4          0          0          0          0          0   entry8a.o
         0          0          0          0          0          0   entry8b.o
         8          4          0          0          0          0   entry9a.o
        12          6          0          4          0         68   errno.o
        30          0          0          0          0          0   handlers.o
        48         10          0          0          0         68   init.o
         0          0          0          0          0          0   iusefp.o
        98          0          0          0          0         84   ldiv.o
        30          0          0          0          0         68   llshl.o
        36          0          0          0          0         68   llsshr.o
        32          0          0          0          0         68   llushr.o
        26          0          0          0          0         80   memcmp.o
        64          0          0          0          0         76   memmovea.o
        36          0          0          0          0        108   memseta.o
      2352         90          0          0          0        604   printfa.o
        14          0          0          0          0         68   strlen.o
        44          0          0          0          0         80   uidiv.o
        98          0          0          0          0         92   uldiv.o
        48          0          0          0          0         68   cdrcmple.o
       334          0          0          0          0        148   dadd.o
       222          0          0          0          0        100   ddiv.o
       186          0          0          0          0        176   depilogue.o
        48          0          0          0          0         68   dfixul.o
       228          0          0          0          0         96   dmul.o

    ----------------------------------------------------------------------
      4112        122          0          4          0       2404   Library Totals
         4          0          0          0          0          0   (incl. Padding)

    ----------------------------------------------------------------------

      Code (inc. data)   RO Data    RW Data    ZI Data      Debug   Library Name

        58          0          0          0          0        136   m_wm.l
      2984        122          0          4          0       1612   mc_w.l
      1066          0          0          0          0        656   mf_w.l

    ----------------------------------------------------------------------
      4112        122          0          4          0       2404   Library Totals

    ----------------------------------------------------------------------

==============================================================================


      Code (inc. data)   RO Data    RW Data    ZI Data      Debug   

     26116        496       2756        124      21532     299981   Grand Totals
     26116        496       2756        124      21532     299981   ELF Image Totals
     26116        496       2756        124          0          0   ROM Totals

==============================================================================

    Total RO  Size (Code + RO Data)                28872 (  28.20kB)
    Total RW  Size (RW Data + ZI Data)             21656 (  21.15kB)
    Total ROM Size (Code + RO Data + RW Data)      28996 (  28.32kB)

==============================================================================

